-- Logs begin at Tue 2021-07-20 22:25:55 UTC, end at Wed 2021-07-21 05:32:46 UTC. --
Jul 20 22:25:55 ubuntu kernel: Linux version 5.4.0-1044-gcp (buildd@lcy01-amd64-021) (gcc version 9.3.0 (Ubuntu 9.3.0-17ubuntu1~20.04)) #47-Ubuntu SMP Tue May 11 15:51:42 UTC 2021 (Ubuntu 5.4.0-1044.47-gcp 5.4.114)
Jul 20 22:25:55 ubuntu kernel: Command line: BOOT_IMAGE=/boot/vmlinuz-5.4.0-1044-gcp root=PARTUUID=08d3fa3b-99f6-44c5-86f2-2eb1b5288f3f ro console=ttyS0 panic=-1
Jul 20 22:25:55 ubuntu kernel: KERNEL supported cpus:
Jul 20 22:25:55 ubuntu kernel:   Intel GenuineIntel
Jul 20 22:25:55 ubuntu kernel:   AMD AuthenticAMD
Jul 20 22:25:55 ubuntu kernel:   Hygon HygonGenuine
Jul 20 22:25:55 ubuntu kernel:   Centaur CentaurHauls
Jul 20 22:25:55 ubuntu kernel:   zhaoxin   Shanghai  
Jul 20 22:25:55 ubuntu kernel: x86/fpu: Supporting XSAVE feature 0x001: 'x87 floating point registers'
Jul 20 22:25:55 ubuntu kernel: x86/fpu: Supporting XSAVE feature 0x002: 'SSE registers'
Jul 20 22:25:55 ubuntu kernel: x86/fpu: Supporting XSAVE feature 0x004: 'AVX registers'
Jul 20 22:25:55 ubuntu kernel: x86/fpu: xstate_offset[2]:  576, xstate_sizes[2]:  256
Jul 20 22:25:55 ubuntu kernel: x86/fpu: Enabled xstate features 0x7, context size is 832 bytes, using 'standard' format.
Jul 20 22:25:55 ubuntu kernel: BIOS-provided physical RAM map:
Jul 20 22:25:55 ubuntu kernel: BIOS-e820: [mem 0x0000000000000000-0x0000000000000fff] reserved
Jul 20 22:25:55 ubuntu kernel: BIOS-e820: [mem 0x0000000000001000-0x0000000000054fff] usable
Jul 20 22:25:55 ubuntu kernel: BIOS-e820: [mem 0x0000000000055000-0x000000000005ffff] reserved
Jul 20 22:25:55 ubuntu kernel: BIOS-e820: [mem 0x0000000000060000-0x0000000000097fff] usable
Jul 20 22:25:55 ubuntu kernel: BIOS-e820: [mem 0x0000000000098000-0x000000000009ffff] reserved
Jul 20 22:25:55 ubuntu kernel: BIOS-e820: [mem 0x0000000000100000-0x00000000bd948fff] usable
Jul 20 22:25:55 ubuntu kernel: BIOS-e820: [mem 0x00000000bd949000-0x00000000bd94bfff] ACPI data
Jul 20 22:25:55 ubuntu kernel: BIOS-e820: [mem 0x00000000bd94c000-0x00000000bd94cfff] ACPI NVS
Jul 20 22:25:55 ubuntu kernel: BIOS-e820: [mem 0x00000000bd94d000-0x00000000bdad4fff] usable
Jul 20 22:25:55 ubuntu kernel: BIOS-e820: [mem 0x00000000bdad5000-0x00000000bdadcfff] ACPI NVS
Jul 20 22:25:55 ubuntu kernel: BIOS-e820: [mem 0x00000000bdadd000-0x00000000bdb1afff] reserved
Jul 20 22:25:55 ubuntu kernel: BIOS-e820: [mem 0x00000000bdb1b000-0x00000000beb9afff] usable
Jul 20 22:25:55 ubuntu kernel: BIOS-e820: [mem 0x00000000beb9b000-0x00000000bebf2fff] reserved
Jul 20 22:25:55 ubuntu kernel: BIOS-e820: [mem 0x00000000bebf3000-0x00000000bebfafff] ACPI data
Jul 20 22:25:55 ubuntu kernel: BIOS-e820: [mem 0x00000000bebfb000-0x00000000bebfefff] ACPI NVS
Jul 20 22:25:55 ubuntu kernel: BIOS-e820: [mem 0x00000000bebff000-0x00000000bffdffff] usable
Jul 20 22:25:55 ubuntu kernel: BIOS-e820: [mem 0x00000000bffe0000-0x00000000bfffffff] reserved
Jul 20 22:25:55 ubuntu kernel: BIOS-e820: [mem 0x0000000100000000-0x0000000f3fffffff] usable
Jul 20 22:25:55 ubuntu kernel: NX (Execute Disable) protection: active
Jul 20 22:25:55 ubuntu kernel: efi: EFI v2.70 by EDK II
Jul 20 22:25:55 ubuntu kernel: efi:  TPMFinalLog=0xbdad5000  ACPI=0xbebfa000  ACPI 2.0=0xbebfa014  SMBIOS=0xbebcd000  MEMATTR=0xbde77298  TPMEventLog=0xbd046018 
Jul 20 22:25:55 ubuntu kernel: secureboot: Secure boot disabled
Jul 20 22:25:55 ubuntu kernel: SMBIOS 2.4 present.
Jul 20 22:25:55 ubuntu kernel: DMI: Google Google Compute Engine/Google Compute Engine, BIOS Google 01/01/2011
Jul 20 22:25:55 ubuntu kernel: Hypervisor detected: KVM
Jul 20 22:25:55 ubuntu kernel: kvm-clock: Using msrs 4b564d01 and 4b564d00
Jul 20 22:25:55 ubuntu kernel: kvm-clock: cpu 0, msr 892e01001, primary cpu clock
Jul 20 22:25:55 ubuntu kernel: kvm-clock: using sched offset of 7221759016 cycles
Jul 20 22:25:55 ubuntu kernel: clocksource: kvm-clock: mask: 0xffffffffffffffff max_cycles: 0x1cd42e4dffb, max_idle_ns: 881590591483 ns
Jul 20 22:25:55 ubuntu kernel: tsc: Detected 2299.998 MHz processor
Jul 20 22:25:55 ubuntu kernel: e820: update [mem 0x00000000-0x00000fff] usable ==> reserved
Jul 20 22:25:55 ubuntu kernel: e820: remove [mem 0x000a0000-0x000fffff] usable
Jul 20 22:25:55 ubuntu kernel: last_pfn = 0xf40000 max_arch_pfn = 0x400000000
Jul 20 22:25:55 ubuntu kernel: MTRR default type: write-back
Jul 20 22:25:55 ubuntu kernel: MTRR fixed ranges enabled:
Jul 20 22:25:55 ubuntu kernel:   00000-9FFFF write-back
Jul 20 22:25:55 ubuntu kernel:   A0000-FFFFF uncachable
Jul 20 22:25:55 ubuntu kernel: MTRR variable ranges enabled:
Jul 20 22:25:55 ubuntu kernel:   0 base 0000C0000000 mask 3FFFC0000000 uncachable
Jul 20 22:25:55 ubuntu kernel:   1 disabled
Jul 20 22:25:55 ubuntu kernel:   2 disabled
Jul 20 22:25:55 ubuntu kernel:   3 disabled
Jul 20 22:25:55 ubuntu kernel:   4 disabled
Jul 20 22:25:55 ubuntu kernel:   5 disabled
Jul 20 22:25:55 ubuntu kernel:   6 disabled
Jul 20 22:25:55 ubuntu kernel:   7 disabled
Jul 20 22:25:55 ubuntu kernel: x86/PAT: Configuration [0-7]: WB  WC  UC- UC  WB  WP  UC- WT  
Jul 20 22:25:55 ubuntu kernel: last_pfn = 0xbffe0 max_arch_pfn = 0x400000000
Jul 20 22:25:55 ubuntu kernel: check: Scanning 1 areas for low memory corruption
Jul 20 22:25:55 ubuntu kernel: Using GB pages for direct mapping
Jul 20 22:25:55 ubuntu kernel: secureboot: Secure boot disabled
Jul 20 22:25:55 ubuntu kernel: ACPI: Early table checksum verification disabled
Jul 20 22:25:55 ubuntu kernel: ACPI: RSDP 0x00000000BEBFA014 000024 (v02 Google)
Jul 20 22:25:55 ubuntu kernel: ACPI: XSDT 0x00000000BEBF90E8 00005C (v01 Google GOOGFACP 00000001      01000013)
Jul 20 22:25:55 ubuntu kernel: ACPI: FACP 0x00000000BEBF4000 0000F4 (v02 Google GOOGFACP 00000001 GOOG 00000001)
Jul 20 22:25:55 ubuntu kernel: ACPI: DSDT 0x00000000BEBF5000 0018BA (v01 Google GOOGDSDT 00000001 GOOG 00000001)
Jul 20 22:25:55 ubuntu kernel: ACPI: FACS 0x00000000BD94C000 000040
Jul 20 22:25:55 ubuntu kernel: ACPI: SSDT 0x00000000BEBF8000 000316 (v02 GOOGLE Tpm2Tabl 00001000 INTL 20160527)
Jul 20 22:25:55 ubuntu kernel: ACPI: TPM2 0x00000000BEBF7000 000034 (v04 GOOGLE          00000001 GOOG 00000001)
Jul 20 22:25:55 ubuntu kernel: ACPI: SRAT 0x00000000BEBF3000 0001A8 (v03 Google GOOGSRAT 00000001 GOOG 00000001)
Jul 20 22:25:55 ubuntu kernel: ACPI: APIC 0x00000000BD94B000 0000E6 (v05 Google GOOGAPIC 00000001 GOOG 00000001)
Jul 20 22:25:55 ubuntu kernel: ACPI: SSDT 0x00000000BD94A000 000ECE (v01 Google GOOGSSDT 00000001 GOOG 00000001)
Jul 20 22:25:55 ubuntu kernel: ACPI: WAET 0x00000000BD949000 000028 (v01 Google GOOGWAET 00000001 GOOG 00000001)
Jul 20 22:25:55 ubuntu kernel: ACPI: Local APIC address 0xfee00000
Jul 20 22:25:55 ubuntu kernel: SRAT: PXM 0 -> APIC 0x00 -> Node 0
Jul 20 22:25:55 ubuntu kernel: SRAT: PXM 0 -> APIC 0x01 -> Node 0
Jul 20 22:25:55 ubuntu kernel: SRAT: PXM 0 -> APIC 0x02 -> Node 0
Jul 20 22:25:55 ubuntu kernel: SRAT: PXM 0 -> APIC 0x03 -> Node 0
Jul 20 22:25:55 ubuntu kernel: SRAT: PXM 0 -> APIC 0x04 -> Node 0
Jul 20 22:25:55 ubuntu kernel: SRAT: PXM 0 -> APIC 0x05 -> Node 0
Jul 20 22:25:55 ubuntu kernel: SRAT: PXM 0 -> APIC 0x06 -> Node 0
Jul 20 22:25:55 ubuntu kernel: SRAT: PXM 0 -> APIC 0x07 -> Node 0
Jul 20 22:25:55 ubuntu kernel: SRAT: PXM 0 -> APIC 0x08 -> Node 0
Jul 20 22:25:55 ubuntu kernel: SRAT: PXM 0 -> APIC 0x09 -> Node 0
Jul 20 22:25:55 ubuntu kernel: SRAT: PXM 0 -> APIC 0x0a -> Node 0
Jul 20 22:25:55 ubuntu kernel: SRAT: PXM 0 -> APIC 0x0b -> Node 0
Jul 20 22:25:55 ubuntu kernel: SRAT: PXM 0 -> APIC 0x0c -> Node 0
Jul 20 22:25:55 ubuntu kernel: SRAT: PXM 0 -> APIC 0x0d -> Node 0
Jul 20 22:25:55 ubuntu kernel: SRAT: PXM 0 -> APIC 0x0e -> Node 0
Jul 20 22:25:55 ubuntu kernel: SRAT: PXM 0 -> APIC 0x0f -> Node 0
Jul 20 22:25:55 ubuntu kernel: ACPI: SRAT: Node 0 PXM 0 [mem 0x00000000-0x0009ffff]
Jul 20 22:25:55 ubuntu kernel: ACPI: SRAT: Node 0 PXM 0 [mem 0x00100000-0xbfffffff]
Jul 20 22:25:55 ubuntu kernel: ACPI: SRAT: Node 0 PXM 0 [mem 0x100000000-0xf3fffffff]
Jul 20 22:25:55 ubuntu kernel: NUMA: Node 0 [mem 0x00000000-0x0009ffff] + [mem 0x00100000-0xbfffffff] -> [mem 0x00000000-0xbfffffff]
Jul 20 22:25:55 ubuntu kernel: NUMA: Node 0 [mem 0x00000000-0xbfffffff] + [mem 0x100000000-0xf3fffffff] -> [mem 0x00000000-0xf3fffffff]
Jul 20 22:25:55 ubuntu kernel: NODE_DATA(0) allocated [mem 0xf3ffd5000-0xf3fffffff]
Jul 20 22:25:55 ubuntu kernel: Zone ranges:
Jul 20 22:25:55 ubuntu kernel:   DMA      [mem 0x0000000000001000-0x0000000000ffffff]
Jul 20 22:25:55 ubuntu kernel:   DMA32    [mem 0x0000000001000000-0x00000000ffffffff]
Jul 20 22:25:55 ubuntu kernel:   Normal   [mem 0x0000000100000000-0x0000000f3fffffff]
Jul 20 22:25:55 ubuntu kernel:   Device   empty
Jul 20 22:25:55 ubuntu kernel: Movable zone start for each node
Jul 20 22:25:55 ubuntu kernel: Early memory node ranges
Jul 20 22:25:55 ubuntu kernel:   node   0: [mem 0x0000000000001000-0x0000000000054fff]
Jul 20 22:25:55 ubuntu kernel:   node   0: [mem 0x0000000000060000-0x0000000000097fff]
Jul 20 22:25:55 ubuntu kernel:   node   0: [mem 0x0000000000100000-0x00000000bd948fff]
Jul 20 22:25:55 ubuntu kernel:   node   0: [mem 0x00000000bd94d000-0x00000000bdad4fff]
Jul 20 22:25:55 ubuntu kernel:   node   0: [mem 0x00000000bdb1b000-0x00000000beb9afff]
Jul 20 22:25:55 ubuntu kernel:   node   0: [mem 0x00000000bebff000-0x00000000bffdffff]
Jul 20 22:25:55 ubuntu kernel:   node   0: [mem 0x0000000100000000-0x0000000f3fffffff]
Jul 20 22:25:55 ubuntu kernel: Zeroed struct page in unavailable ranges: 322 pages
Jul 20 22:25:55 ubuntu kernel: Initmem setup node 0 [mem 0x0000000000001000-0x0000000f3fffffff]
Jul 20 22:25:55 ubuntu kernel: On node 0 totalpages: 15728318
Jul 20 22:25:55 ubuntu kernel:   DMA zone: 64 pages used for memmap
Jul 20 22:25:55 ubuntu kernel:   DMA zone: 3118 pages reserved
Jul 20 22:25:55 ubuntu kernel:   DMA zone: 3980 pages, LIFO batch:0
Jul 20 22:25:55 ubuntu kernel:   DMA32 zone: 12221 pages used for memmap
Jul 20 22:25:55 ubuntu kernel:   DMA32 zone: 782130 pages, LIFO batch:63
Jul 20 22:25:55 ubuntu kernel:   Normal zone: 233472 pages used for memmap
Jul 20 22:25:55 ubuntu kernel:   Normal zone: 14942208 pages, LIFO batch:63
Jul 20 22:25:55 ubuntu kernel: ACPI: PM-Timer IO Port: 0xb008
Jul 20 22:25:55 ubuntu kernel: ACPI: Local APIC address 0xfee00000
Jul 20 22:25:55 ubuntu kernel: ACPI: LAPIC_NMI (acpi_id[0xff] dfl dfl lint[0x1])
Jul 20 22:25:55 ubuntu kernel: IOAPIC[0]: apic_id 0, version 17, address 0xfec00000, GSI 0-23
Jul 20 22:25:55 ubuntu kernel: ACPI: INT_SRC_OVR (bus 0 bus_irq 5 global_irq 5 high level)
Jul 20 22:25:55 ubuntu kernel: ACPI: INT_SRC_OVR (bus 0 bus_irq 9 global_irq 9 high level)
Jul 20 22:25:55 ubuntu kernel: ACPI: INT_SRC_OVR (bus 0 bus_irq 10 global_irq 10 high level)
Jul 20 22:25:55 ubuntu kernel: ACPI: INT_SRC_OVR (bus 0 bus_irq 11 global_irq 11 high level)
Jul 20 22:25:55 ubuntu kernel: ACPI: IRQ5 used by override.
Jul 20 22:25:55 ubuntu kernel: ACPI: IRQ9 used by override.
Jul 20 22:25:55 ubuntu kernel: ACPI: IRQ10 used by override.
Jul 20 22:25:55 ubuntu kernel: ACPI: IRQ11 used by override.
Jul 20 22:25:55 ubuntu kernel: Using ACPI (MADT) for SMP configuration information
Jul 20 22:25:55 ubuntu kernel: smpboot: Allowing 16 CPUs, 0 hotplug CPUs
Jul 20 22:25:55 ubuntu kernel: PM: Registered nosave memory: [mem 0x00000000-0x00000fff]
Jul 20 22:25:55 ubuntu kernel: PM: Registered nosave memory: [mem 0x00055000-0x0005ffff]
Jul 20 22:25:55 ubuntu kernel: PM: Registered nosave memory: [mem 0x00098000-0x0009ffff]
Jul 20 22:25:55 ubuntu kernel: PM: Registered nosave memory: [mem 0x000a0000-0x000fffff]
Jul 20 22:25:55 ubuntu kernel: PM: Registered nosave memory: [mem 0xbd949000-0xbd94bfff]
Jul 20 22:25:55 ubuntu kernel: PM: Registered nosave memory: [mem 0xbd94c000-0xbd94cfff]
Jul 20 22:25:55 ubuntu kernel: PM: Registered nosave memory: [mem 0xbdad5000-0xbdadcfff]
Jul 20 22:25:55 ubuntu kernel: PM: Registered nosave memory: [mem 0xbdadd000-0xbdb1afff]
Jul 20 22:25:55 ubuntu kernel: PM: Registered nosave memory: [mem 0xbeb9b000-0xbebf2fff]
Jul 20 22:25:55 ubuntu kernel: PM: Registered nosave memory: [mem 0xbebf3000-0xbebfafff]
Jul 20 22:25:55 ubuntu kernel: PM: Registered nosave memory: [mem 0xbebfb000-0xbebfefff]
Jul 20 22:25:55 ubuntu kernel: PM: Registered nosave memory: [mem 0xbffe0000-0xbfffffff]
Jul 20 22:25:55 ubuntu kernel: PM: Registered nosave memory: [mem 0xc0000000-0xffffffff]
Jul 20 22:25:55 ubuntu kernel: [mem 0xc0000000-0xffffffff] available for PCI devices
Jul 20 22:25:55 ubuntu kernel: Booting paravirtualized kernel on KVM
Jul 20 22:25:55 ubuntu kernel: clocksource: refined-jiffies: mask: 0xffffffff max_cycles: 0xffffffff, max_idle_ns: 7645519600211568 ns
Jul 20 22:25:55 ubuntu kernel: setup_percpu: NR_CPUS:8192 nr_cpumask_bits:16 nr_cpu_ids:16 nr_node_ids:1
Jul 20 22:25:55 ubuntu kernel: percpu: Embedded 54 pages/cpu s184320 r8192 d28672 u262144
Jul 20 22:25:55 ubuntu kernel: pcpu-alloc: s184320 r8192 d28672 u262144 alloc=1*2097152
Jul 20 22:25:55 ubuntu kernel: pcpu-alloc: [0] 00 01 02 03 04 05 06 07 [0] 08 09 10 11 12 13 14 15 
Jul 20 22:25:55 ubuntu kernel: PV qspinlock hash table entries: 256 (order: 0, 4096 bytes, linear)
Jul 20 22:25:55 ubuntu kernel: Built 1 zonelists, mobility grouping on.  Total pages: 15479443
Jul 20 22:25:55 ubuntu kernel: Policy zone: Normal
Jul 20 22:25:55 ubuntu kernel: Kernel command line: BOOT_IMAGE=/boot/vmlinuz-5.4.0-1044-gcp root=PARTUUID=08d3fa3b-99f6-44c5-86f2-2eb1b5288f3f ro console=ttyS0 panic=-1
Jul 20 22:25:55 ubuntu kernel: Dentry cache hash table entries: 8388608 (order: 14, 67108864 bytes, linear)
Jul 20 22:25:55 ubuntu kernel: Inode-cache hash table entries: 4194304 (order: 13, 33554432 bytes, linear)
Jul 20 22:25:55 ubuntu kernel: mem auto-init: stack:off, heap alloc:off, heap free:off
Jul 20 22:25:55 ubuntu kernel: Calgary: detecting Calgary via BIOS EBDA area
Jul 20 22:25:55 ubuntu kernel: Calgary: Unable to locate Rio Grande table in EBDA - bailing!
Jul 20 22:25:55 ubuntu kernel: Memory: 61685352K/62913272K available (14339K kernel code, 2414K rwdata, 4964K rodata, 2696K init, 4992K bss, 1227920K reserved, 0K cma-reserved)
Jul 20 22:25:55 ubuntu kernel: random: get_random_u64 called from kmem_cache_open+0x2d/0x410 with crng_init=0
Jul 20 22:25:55 ubuntu kernel: SLUB: HWalign=64, Order=0-3, MinObjects=0, CPUs=16, Nodes=1
Jul 20 22:25:55 ubuntu kernel: Kernel/User page tables isolation: enabled
Jul 20 22:25:55 ubuntu kernel: ftrace: allocating 44986 entries in 176 pages
Jul 20 22:25:55 ubuntu kernel: rcu: Hierarchical RCU implementation.
Jul 20 22:25:55 ubuntu kernel: rcu:         RCU restricting CPUs from NR_CPUS=8192 to nr_cpu_ids=16.
Jul 20 22:25:55 ubuntu kernel:         Tasks RCU enabled.
Jul 20 22:25:55 ubuntu kernel: rcu: RCU calculated value of scheduler-enlistment delay is 25 jiffies.
Jul 20 22:25:55 ubuntu kernel: rcu: Adjusting geometry for rcu_fanout_leaf=16, nr_cpu_ids=16
Jul 20 22:25:55 ubuntu kernel: NR_IRQS: 524544, nr_irqs: 552, preallocated irqs: 16
Jul 20 22:25:55 ubuntu kernel: random: crng done (trusting CPU's manufacturer)
Jul 20 22:25:55 ubuntu kernel: Console: colour dummy device 80x25
Jul 20 22:25:55 ubuntu kernel: printk: console [ttyS0] enabled
Jul 20 22:25:55 ubuntu kernel: ACPI: Core revision 20190816
Jul 20 22:25:55 ubuntu kernel: APIC: Switch to symmetric I/O mode setup
Jul 20 22:25:55 ubuntu kernel: x2apic enabled
Jul 20 22:25:55 ubuntu kernel: Switched APIC routing to physical x2apic.
Jul 20 22:25:55 ubuntu kernel: ..TIMER: vector=0x30 apic1=0 pin1=0 apic2=-1 pin2=-1
Jul 20 22:25:55 ubuntu kernel: clocksource: tsc-early: mask: 0xffffffffffffffff max_cycles: 0x212733415c7, max_idle_ns: 440795236380 ns
Jul 20 22:25:55 ubuntu kernel: Calibrating delay loop (skipped) preset value.. 4599.99 BogoMIPS (lpj=9199992)
Jul 20 22:25:55 ubuntu kernel: pid_max: default: 32768 minimum: 301
Jul 20 22:25:55 ubuntu kernel: LSM: Security Framework initializing
Jul 20 22:25:55 ubuntu kernel: Yama: becoming mindful.
Jul 20 22:25:55 ubuntu kernel: AppArmor: AppArmor initialized
Jul 20 22:25:55 ubuntu kernel: Mount-cache hash table entries: 131072 (order: 8, 1048576 bytes, linear)
Jul 20 22:25:55 ubuntu kernel: Mountpoint-cache hash table entries: 131072 (order: 8, 1048576 bytes, linear)
Jul 20 22:25:55 ubuntu kernel: Last level iTLB entries: 4KB 1024, 2MB 1024, 4MB 1024
Jul 20 22:25:55 ubuntu kernel: Last level dTLB entries: 4KB 1024, 2MB 1024, 4MB 1024, 1GB 4
Jul 20 22:25:55 ubuntu kernel: Spectre V1 : Mitigation: usercopy/swapgs barriers and __user pointer sanitization
Jul 20 22:25:55 ubuntu kernel: Spectre V2 : Mitigation: Full generic retpoline
Jul 20 22:25:55 ubuntu kernel: Spectre V2 : Spectre v2 / SpectreRSB mitigation: Filling RSB on context switch
Jul 20 22:25:55 ubuntu kernel: Spectre V2 : Enabling Restricted Speculation for firmware calls
Jul 20 22:25:55 ubuntu kernel: Spectre V2 : mitigation: Enabling conditional Indirect Branch Prediction Barrier
Jul 20 22:25:55 ubuntu kernel: Spectre V2 : User space: Mitigation: STIBP via seccomp and prctl
Jul 20 22:25:55 ubuntu kernel: Speculative Store Bypass: Mitigation: Speculative Store Bypass disabled via prctl and seccomp
Jul 20 22:25:55 ubuntu kernel: MDS: Mitigation: Clear CPU buffers
Jul 20 22:25:55 ubuntu kernel: Freeing SMP alternatives memory: 40K
Jul 20 22:25:55 ubuntu kernel: smpboot: CPU0: Intel(R) Xeon(R) CPU @ 2.30GHz (family: 0x6, model: 0x3f, stepping: 0x0)
Jul 20 22:25:55 ubuntu kernel: Performance Events: unsupported p6 CPU model 63 no PMU driver, software events only.
Jul 20 22:25:55 ubuntu kernel: rcu: Hierarchical SRCU implementation.
Jul 20 22:25:55 ubuntu kernel: NMI watchdog: Perf NMI watchdog permanently disabled
Jul 20 22:25:55 ubuntu kernel: smp: Bringing up secondary CPUs ...
Jul 20 22:25:55 ubuntu kernel: x86: Booting SMP configuration:
Jul 20 22:25:55 ubuntu kernel: .... node  #0, CPUs:        #1
Jul 20 22:25:55 ubuntu kernel: kvm-clock: cpu 1, msr 892e01041, secondary cpu clock
Jul 20 22:25:55 ubuntu kernel:   #2
Jul 20 22:25:55 ubuntu kernel: kvm-clock: cpu 2, msr 892e01081, secondary cpu clock
Jul 20 22:25:55 ubuntu kernel:   #3
Jul 20 22:25:55 ubuntu kernel: kvm-clock: cpu 3, msr 892e010c1, secondary cpu clock
Jul 20 22:25:55 ubuntu kernel:   #4
Jul 20 22:25:55 ubuntu kernel: kvm-clock: cpu 4, msr 892e01101, secondary cpu clock
Jul 20 22:25:55 ubuntu kernel:   #5
Jul 20 22:25:55 ubuntu kernel: kvm-clock: cpu 5, msr 892e01141, secondary cpu clock
Jul 20 22:25:55 ubuntu kernel:   #6
Jul 20 22:25:55 ubuntu kernel: kvm-clock: cpu 6, msr 892e01181, secondary cpu clock
Jul 20 22:25:55 ubuntu kernel:   #7
Jul 20 22:25:55 ubuntu kernel: kvm-clock: cpu 7, msr 892e011c1, secondary cpu clock
Jul 20 22:25:55 ubuntu kernel:   #8
Jul 20 22:25:55 ubuntu kernel: kvm-clock: cpu 8, msr 892e01201, secondary cpu clock
Jul 20 22:25:55 ubuntu kernel: MDS CPU bug present and SMT on, data leak possible. See https://www.kernel.org/doc/html/latest/admin-guide/hw-vuln/mds.html for more details.
Jul 20 22:25:55 ubuntu kernel:   #9
Jul 20 22:25:55 ubuntu kernel: kvm-clock: cpu 9, msr 892e01241, secondary cpu clock
Jul 20 22:25:55 ubuntu kernel:  #10
Jul 20 22:25:55 ubuntu kernel: kvm-clock: cpu 10, msr 892e01281, secondary cpu clock
Jul 20 22:25:55 ubuntu kernel:  #11
Jul 20 22:25:55 ubuntu kernel: kvm-clock: cpu 11, msr 892e012c1, secondary cpu clock
Jul 20 22:25:55 ubuntu kernel:  #12
Jul 20 22:25:55 ubuntu kernel: kvm-clock: cpu 12, msr 892e01301, secondary cpu clock
Jul 20 22:25:55 ubuntu kernel:  #13
Jul 20 22:25:55 ubuntu kernel: kvm-clock: cpu 13, msr 892e01341, secondary cpu clock
Jul 20 22:25:55 ubuntu kernel:  #14
Jul 20 22:25:55 ubuntu kernel: kvm-clock: cpu 14, msr 892e01381, secondary cpu clock
Jul 20 22:25:55 ubuntu kernel:  #15
Jul 20 22:25:55 ubuntu kernel: kvm-clock: cpu 15, msr 892e013c1, secondary cpu clock
Jul 20 22:25:55 ubuntu kernel: smp: Brought up 1 node, 16 CPUs
Jul 20 22:25:55 ubuntu kernel: smpboot: Max logical packages: 1
Jul 20 22:25:55 ubuntu kernel: smpboot: Total of 16 processors activated (73599.93 BogoMIPS)
Jul 20 22:25:55 ubuntu kernel: devtmpfs: initialized
Jul 20 22:25:55 ubuntu kernel: x86/mm: Memory block size: 128MB
Jul 20 22:25:55 ubuntu kernel: PM: Registering ACPI NVS region [mem 0xbd94c000-0xbd94cfff] (4096 bytes)
Jul 20 22:25:55 ubuntu kernel: PM: Registering ACPI NVS region [mem 0xbdad5000-0xbdadcfff] (32768 bytes)
Jul 20 22:25:55 ubuntu kernel: PM: Registering ACPI NVS region [mem 0xbebfb000-0xbebfefff] (16384 bytes)
Jul 20 22:25:55 ubuntu kernel: clocksource: jiffies: mask: 0xffffffff max_cycles: 0xffffffff, max_idle_ns: 7645041785100000 ns
Jul 20 22:25:55 ubuntu kernel: futex hash table entries: 4096 (order: 6, 262144 bytes, linear)
Jul 20 22:25:55 ubuntu kernel: pinctrl core: initialized pinctrl subsystem
Jul 20 22:25:55 ubuntu kernel: PM: RTC time: 22:25:53, date: 2021-07-20
Jul 20 22:25:55 ubuntu kernel: NET: Registered protocol family 16
Jul 20 22:25:55 ubuntu kernel: audit: initializing netlink subsys (disabled)
Jul 20 22:25:55 ubuntu kernel: audit: type=2000 audit(1626819953.484:1): state=initialized audit_enabled=0 res=1
Jul 20 22:25:55 ubuntu kernel: EISA bus registered
Jul 20 22:25:55 ubuntu kernel: cpuidle: using governor ladder
Jul 20 22:25:55 ubuntu kernel: cpuidle: using governor menu
Jul 20 22:25:55 ubuntu kernel: ACPI: bus type PCI registered
Jul 20 22:25:55 ubuntu kernel: acpiphp: ACPI Hot Plug PCI Controller Driver version: 0.5
Jul 20 22:25:55 ubuntu kernel: PCI: Using configuration type 1 for base access
Jul 20 22:25:55 ubuntu kernel: HugeTLB registered 1.00 GiB page size, pre-allocated 0 pages
Jul 20 22:25:55 ubuntu kernel: HugeTLB registered 2.00 MiB page size, pre-allocated 0 pages
Jul 20 22:25:55 ubuntu kernel: ACPI: Added _OSI(Module Device)
Jul 20 22:25:55 ubuntu kernel: ACPI: Added _OSI(Processor Device)
Jul 20 22:25:55 ubuntu kernel: ACPI: Added _OSI(3.0 _SCP Extensions)
Jul 20 22:25:55 ubuntu kernel: ACPI: Added _OSI(Processor Aggregator Device)
Jul 20 22:25:55 ubuntu kernel: ACPI: Added _OSI(Linux-Dell-Video)
Jul 20 22:25:55 ubuntu kernel: ACPI: Added _OSI(Linux-Lenovo-NV-HDMI-Audio)
Jul 20 22:25:55 ubuntu kernel: ACPI: Added _OSI(Linux-HPI-Hybrid-Graphics)
Jul 20 22:25:55 ubuntu kernel: ACPI: 3 ACPI AML tables successfully acquired and loaded
Jul 20 22:25:55 ubuntu kernel: ACPI: Interpreter enabled
Jul 20 22:25:55 ubuntu kernel: ACPI: (supports S0 S3 S4 S5)
Jul 20 22:25:55 ubuntu kernel: ACPI: Using IOAPIC for interrupt routing
Jul 20 22:25:55 ubuntu kernel: PCI: Using host bridge windows from ACPI; if necessary, use "pci=nocrs" and report a bug
Jul 20 22:25:55 ubuntu kernel: ACPI: Enabled 16 GPEs in block 00 to 0F
Jul 20 22:25:55 ubuntu kernel: ACPI: PCI Root Bridge [PCI0] (domain 0000 [bus 00-ff])
Jul 20 22:25:55 ubuntu kernel: acpi PNP0A03:00: _OSC: OS supports [ASPM ClockPM Segments MSI HPX-Type3]
Jul 20 22:25:55 ubuntu kernel: acpi PNP0A03:00: fail to add MMCONFIG information, can't access extended PCI configuration space under this bridge.
Jul 20 22:25:55 ubuntu kernel: PCI host bridge to bus 0000:00
Jul 20 22:25:55 ubuntu kernel: pci_bus 0000:00: root bus resource [io  0x0000-0x0cf7 window]
Jul 20 22:25:55 ubuntu kernel: pci_bus 0000:00: root bus resource [io  0x0d00-0xffff window]
Jul 20 22:25:55 ubuntu kernel: pci_bus 0000:00: root bus resource [mem 0x000a0000-0x000bffff window]
Jul 20 22:25:55 ubuntu kernel: pci_bus 0000:00: root bus resource [mem 0xc0000000-0xfebfefff window]
Jul 20 22:25:55 ubuntu kernel: pci_bus 0000:00: root bus resource [bus 00-ff]
Jul 20 22:25:55 ubuntu kernel: pci 0000:00:00.0: [8086:1237] type 00 class 0x060000
Jul 20 22:25:55 ubuntu kernel: pci 0000:00:01.0: [8086:7110] type 00 class 0x060100
Jul 20 22:25:55 ubuntu kernel: pci 0000:00:01.3: [8086:7113] type 00 class 0x068000
Jul 20 22:25:55 ubuntu kernel: pci 0000:00:01.3: quirk: [io  0xb000-0xb03f] claimed by PIIX4 ACPI
Jul 20 22:25:55 ubuntu kernel: pci 0000:00:03.0: [1af4:1004] type 00 class 0x000000
Jul 20 22:25:55 ubuntu kernel: pci 0000:00:03.0: reg 0x10: [io  0xc040-0xc07f]
Jul 20 22:25:55 ubuntu kernel: pci 0000:00:03.0: reg 0x14: [mem 0xc0102000-0xc010207f]
Jul 20 22:25:55 ubuntu kernel: pci 0000:00:04.0: [1ae0:001f] type 00 class 0x010802
Jul 20 22:25:55 ubuntu kernel: pci 0000:00:04.0: reg 0x10: [mem 0xc0000000-0xc0003fff 64bit]
Jul 20 22:25:55 ubuntu kernel: pci 0000:00:04.0: reg 0x18: [io  0xc0a0-0xc0a7]
Jul 20 22:25:55 ubuntu kernel: pci 0000:00:04.0: reg 0x20: [mem 0xc0101000-0xc01011ff]
Jul 20 22:25:55 ubuntu kernel: pci 0000:00:05.0: [1af4:1000] type 00 class 0x020000
Jul 20 22:25:55 ubuntu kernel: pci 0000:00:05.0: reg 0x10: [io  0xc000-0xc03f]
Jul 20 22:25:55 ubuntu kernel: pci 0000:00:05.0: reg 0x14: [mem 0xc0100000-0xc01003ff]
Jul 20 22:25:55 ubuntu kernel: pci 0000:00:06.0: [1af4:1005] type 00 class 0x00ff00
Jul 20 22:25:55 ubuntu kernel: pci 0000:00:06.0: reg 0x10: [io  0xc080-0xc09f]
Jul 20 22:25:55 ubuntu kernel: pci 0000:00:06.0: reg 0x14: [mem 0xc0103000-0xc010303f]
Jul 20 22:25:55 ubuntu kernel: ACPI: PCI Interrupt Link [LNKA] (IRQs 5 *10 11)
Jul 20 22:25:55 ubuntu kernel: ACPI: PCI Interrupt Link [LNKB] (IRQs 5 *10 11)
Jul 20 22:25:55 ubuntu kernel: ACPI: PCI Interrupt Link [LNKC] (IRQs 5 10 *11)
Jul 20 22:25:55 ubuntu kernel: ACPI: PCI Interrupt Link [LNKD] (IRQs 5 10 *11)
Jul 20 22:25:55 ubuntu kernel: ACPI: PCI Interrupt Link [LNKS] (IRQs *9)
Jul 20 22:25:55 ubuntu kernel: iommu: Default domain type: Translated 
Jul 20 22:25:55 ubuntu kernel: SCSI subsystem initialized
Jul 20 22:25:55 ubuntu kernel: libata version 3.00 loaded.
Jul 20 22:25:55 ubuntu kernel: vgaarb: loaded
Jul 20 22:25:55 ubuntu kernel: ACPI: bus type USB registered
Jul 20 22:25:55 ubuntu kernel: usbcore: registered new interface driver usbfs
Jul 20 22:25:55 ubuntu kernel: usbcore: registered new interface driver hub
Jul 20 22:25:55 ubuntu kernel: usbcore: registered new device driver usb
Jul 20 22:25:55 ubuntu kernel: pps_core: LinuxPPS API ver. 1 registered
Jul 20 22:25:55 ubuntu kernel: pps_core: Software ver. 5.3.6 - Copyright 2005-2007 Rodolfo Giometti <giometti@linux.it>
Jul 20 22:25:55 ubuntu kernel: PTP clock support registered
Jul 20 22:25:55 ubuntu kernel: EDAC MC: Ver: 3.0.0
Jul 20 22:25:55 ubuntu kernel: Registered efivars operations
Jul 20 22:25:55 ubuntu kernel: PCI: Using ACPI for IRQ routing
Jul 20 22:25:55 ubuntu kernel: PCI: pci_cache_line_size set to 64 bytes
Jul 20 22:25:55 ubuntu kernel: e820: reserve RAM buffer [mem 0x00055000-0x0005ffff]
Jul 20 22:25:55 ubuntu kernel: e820: reserve RAM buffer [mem 0x00098000-0x0009ffff]
Jul 20 22:25:55 ubuntu kernel: e820: reserve RAM buffer [mem 0xbd949000-0xbfffffff]
Jul 20 22:25:55 ubuntu kernel: e820: reserve RAM buffer [mem 0xbdad5000-0xbfffffff]
Jul 20 22:25:55 ubuntu kernel: e820: reserve RAM buffer [mem 0xbeb9b000-0xbfffffff]
Jul 20 22:25:55 ubuntu kernel: e820: reserve RAM buffer [mem 0xbffe0000-0xbfffffff]
Jul 20 22:25:55 ubuntu kernel: NetLabel: Initializing
Jul 20 22:25:55 ubuntu kernel: NetLabel:  domain hash size = 128
Jul 20 22:25:55 ubuntu kernel: NetLabel:  protocols = UNLABELED CIPSOv4 CALIPSO
Jul 20 22:25:55 ubuntu kernel: NetLabel:  unlabeled traffic allowed by default
Jul 20 22:25:55 ubuntu kernel: clocksource: Switched to clocksource kvm-clock
Jul 20 22:25:55 ubuntu kernel: VFS: Disk quotas dquot_6.6.0
Jul 20 22:25:55 ubuntu kernel: VFS: Dquot-cache hash table entries: 512 (order 0, 4096 bytes)
Jul 20 22:25:55 ubuntu kernel: AppArmor: AppArmor Filesystem Enabled
Jul 20 22:25:55 ubuntu kernel: pnp: PnP ACPI init
Jul 20 22:25:55 ubuntu kernel: pnp 00:00: Plug and Play ACPI device, IDs PNP0b00 (active)
Jul 20 22:25:55 ubuntu kernel: pnp 00:01: Plug and Play ACPI device, IDs PNP0303 (active)
Jul 20 22:25:55 ubuntu kernel: pnp 00:02: Plug and Play ACPI device, IDs PNP0f13 (active)
Jul 20 22:25:55 ubuntu kernel: pnp 00:03: Plug and Play ACPI device, IDs PNP0501 (active)
Jul 20 22:25:55 ubuntu kernel: pnp 00:04: Plug and Play ACPI device, IDs PNP0501 (active)
Jul 20 22:25:55 ubuntu kernel: pnp 00:05: Plug and Play ACPI device, IDs PNP0501 (active)
Jul 20 22:25:55 ubuntu kernel: pnp 00:06: Plug and Play ACPI device, IDs PNP0501 (active)
Jul 20 22:25:55 ubuntu kernel: pnp: PnP ACPI: found 7 devices
Jul 20 22:25:55 ubuntu kernel: thermal_sys: Registered thermal governor 'fair_share'
Jul 20 22:25:55 ubuntu kernel: thermal_sys: Registered thermal governor 'bang_bang'
Jul 20 22:25:55 ubuntu kernel: thermal_sys: Registered thermal governor 'step_wise'
Jul 20 22:25:55 ubuntu kernel: thermal_sys: Registered thermal governor 'user_space'
Jul 20 22:25:55 ubuntu kernel: thermal_sys: Registered thermal governor 'power_allocator'
Jul 20 22:25:55 ubuntu kernel: clocksource: acpi_pm: mask: 0xffffff max_cycles: 0xffffff, max_idle_ns: 2085701024 ns
Jul 20 22:25:55 ubuntu kernel: pci_bus 0000:00: resource 4 [io  0x0000-0x0cf7 window]
Jul 20 22:25:55 ubuntu kernel: pci_bus 0000:00: resource 5 [io  0x0d00-0xffff window]
Jul 20 22:25:55 ubuntu kernel: pci_bus 0000:00: resource 6 [mem 0x000a0000-0x000bffff window]
Jul 20 22:25:55 ubuntu kernel: pci_bus 0000:00: resource 7 [mem 0xc0000000-0xfebfefff window]
Jul 20 22:25:55 ubuntu kernel: NET: Registered protocol family 2
Jul 20 22:25:55 ubuntu kernel: tcp_listen_portaddr_hash hash table entries: 32768 (order: 7, 524288 bytes, linear)
Jul 20 22:25:55 ubuntu kernel: TCP established hash table entries: 524288 (order: 10, 4194304 bytes, linear)
Jul 20 22:25:55 ubuntu kernel: TCP bind hash table entries: 65536 (order: 8, 1048576 bytes, linear)
Jul 20 22:25:55 ubuntu kernel: TCP: Hash tables configured (established 524288 bind 65536)
Jul 20 22:25:55 ubuntu kernel: UDP hash table entries: 32768 (order: 8, 1048576 bytes, linear)
Jul 20 22:25:55 ubuntu kernel: UDP-Lite hash table entries: 32768 (order: 8, 1048576 bytes, linear)
Jul 20 22:25:55 ubuntu kernel: NET: Registered protocol family 1
Jul 20 22:25:55 ubuntu kernel: NET: Registered protocol family 44
Jul 20 22:25:55 ubuntu kernel: pci 0000:00:00.0: Limiting direct PCI/PCI transfers
Jul 20 22:25:55 ubuntu kernel: PCI: CLS 0 bytes, default 64
Jul 20 22:25:55 ubuntu kernel: PCI-DMA: Using software bounce buffering for IO (SWIOTLB)
Jul 20 22:25:55 ubuntu kernel: software IO TLB: mapped [mem 0xb6ff7000-0xbaff7000] (64MB)
Jul 20 22:25:55 ubuntu kernel: clocksource: tsc: mask: 0xffffffffffffffff max_cycles: 0x212733415c7, max_idle_ns: 440795236380 ns
Jul 20 22:25:55 ubuntu kernel: clocksource: Switched to clocksource tsc
Jul 20 22:25:55 ubuntu kernel: check: Scanning for low memory corruption every 60 seconds
Jul 20 22:25:55 ubuntu kernel: Initialise system trusted keyrings
Jul 20 22:25:55 ubuntu kernel: Key type blacklist registered
Jul 20 22:25:55 ubuntu kernel: workingset: timestamp_bits=36 max_order=24 bucket_order=0
Jul 20 22:25:55 ubuntu kernel: zbud: loaded
Jul 20 22:25:55 ubuntu kernel: squashfs: version 4.0 (2009/01/31) Phillip Lougher
Jul 20 22:25:55 ubuntu kernel: fuse: init (API version 7.31)
Jul 20 22:25:55 ubuntu kernel: Platform Keyring initialized
Jul 20 22:25:55 ubuntu kernel: Key type asymmetric registered
Jul 20 22:25:55 ubuntu kernel: Asymmetric key parser 'x509' registered
Jul 20 22:25:55 ubuntu kernel: Block layer SCSI generic (bsg) driver version 0.4 loaded (major 244)
Jul 20 22:25:55 ubuntu kernel: io scheduler mq-deadline registered
Jul 20 22:25:55 ubuntu kernel: shpchp: Standard Hot Plug PCI Controller Driver version: 0.4
Jul 20 22:25:55 ubuntu kernel: intel_idle: Please enable MWAIT in BIOS SETUP
Jul 20 22:25:55 ubuntu kernel: input: Power Button as /devices/LNXSYSTM:00/LNXPWRBN:00/input/input0
Jul 20 22:25:55 ubuntu kernel: ACPI: Power Button [PWRF]
Jul 20 22:25:55 ubuntu kernel: input: Sleep Button as /devices/LNXSYSTM:00/LNXSLPBN:00/input/input1
Jul 20 22:25:55 ubuntu kernel: ACPI: Sleep Button [SLPF]
Jul 20 22:25:55 ubuntu kernel: PCI Interrupt Link [LNKC] enabled at IRQ 11
Jul 20 22:25:55 ubuntu kernel: virtio-pci 0000:00:03.0: virtio_pci: leaving for legacy driver
Jul 20 22:25:55 ubuntu kernel: PCI Interrupt Link [LNKA] enabled at IRQ 10
Jul 20 22:25:55 ubuntu kernel: virtio-pci 0000:00:05.0: virtio_pci: leaving for legacy driver
Jul 20 22:25:55 ubuntu kernel: PCI Interrupt Link [LNKB] enabled at IRQ 10
Jul 20 22:25:55 ubuntu kernel: virtio-pci 0000:00:06.0: virtio_pci: leaving for legacy driver
Jul 20 22:25:55 ubuntu kernel: Serial: 8250/16550 driver, 32 ports, IRQ sharing enabled
Jul 20 22:25:55 ubuntu kernel: 00:03: ttyS0 at I/O 0x3f8 (irq = 4, base_baud = 115200) is a 16550A
Jul 20 22:25:55 ubuntu kernel: 00:04: ttyS1 at I/O 0x2f8 (irq = 3, base_baud = 115200) is a 16550A
Jul 20 22:25:55 ubuntu kernel: 00:05: ttyS2 at I/O 0x3e8 (irq = 6, base_baud = 115200) is a 16550A
Jul 20 22:25:55 ubuntu kernel: 00:06: ttyS3 at I/O 0x2e8 (irq = 7, base_baud = 115200) is a 16550A
Jul 20 22:25:55 ubuntu kernel: Linux agpgart interface v0.103
Jul 20 22:25:55 ubuntu kernel: tpm_tis MSFT0101:00: 2.0 TPM (device-id 0x9009, rev-id 0)
Jul 20 22:25:55 ubuntu kernel: loop: module loaded
Jul 20 22:25:55 ubuntu kernel: scsi host0: Virtio SCSI HBA
Jul 20 22:25:55 ubuntu kernel: scsi 0:0:1:0: Direct-Access     Google   PersistentDisk   1    PQ: 0 ANSI: 6
Jul 20 22:25:55 ubuntu kernel: nvme nvme0: pci function 0000:00:04.0
Jul 20 22:25:55 ubuntu kernel: libphy: Fixed MDIO Bus: probed
Jul 20 22:25:55 ubuntu kernel: PCI Interrupt Link [LNKD] enabled at IRQ 11
Jul 20 22:25:55 ubuntu kernel: tun: Universal TUN/TAP device driver, 1.6
Jul 20 22:25:55 ubuntu kernel: PPP generic driver version 2.4.2
Jul 20 22:25:55 ubuntu kernel: VFIO - User Level meta-driver version: 0.3
Jul 20 22:25:55 ubuntu kernel: ehci_hcd: USB 2.0 'Enhanced' Host Controller (EHCI) Driver
Jul 20 22:25:55 ubuntu kernel: ehci-pci: EHCI PCI platform driver
Jul 20 22:25:55 ubuntu kernel: ehci-platform: EHCI generic platform driver
Jul 20 22:25:55 ubuntu kernel: ohci_hcd: USB 1.1 'Open' Host Controller (OHCI) Driver
Jul 20 22:25:55 ubuntu kernel: ohci-pci: OHCI PCI platform driver
Jul 20 22:25:55 ubuntu kernel: ohci-platform: OHCI generic platform driver
Jul 20 22:25:55 ubuntu kernel: uhci_hcd: USB Universal Host Controller Interface driver
Jul 20 22:25:55 ubuntu kernel: i8042: PNP: PS/2 Controller [PNP0303:KBD,PNP0f13:MOU] at 0x60,0x64 irq 1,12
Jul 20 22:25:55 ubuntu kernel: i8042: Warning: Keylock active
Jul 20 22:25:55 ubuntu kernel: serio: i8042 KBD port at 0x60,0x64 irq 1
Jul 20 22:25:55 ubuntu kernel: serio: i8042 AUX port at 0x60,0x64 irq 12
Jul 20 22:25:55 ubuntu kernel: mousedev: PS/2 mouse device common for all mice
Jul 20 22:25:55 ubuntu kernel: rtc_cmos 00:00: RTC can wake from S4
Jul 20 22:25:55 ubuntu kernel: rtc_cmos 00:00: registered as rtc0
Jul 20 22:25:55 ubuntu kernel: rtc_cmos 00:00: alarms up to one day, 114 bytes nvram
Jul 20 22:25:55 ubuntu kernel: i2c /dev entries driver
Jul 20 22:25:55 ubuntu kernel: device-mapper: uevent: version 1.0.3
Jul 20 22:25:55 ubuntu kernel: device-mapper: ioctl: 4.41.0-ioctl (2019-09-16) initialised: dm-devel@redhat.com
Jul 20 22:25:55 ubuntu kernel: platform eisa.0: Probing EISA bus 0
Jul 20 22:25:55 ubuntu kernel: platform eisa.0: EISA: Cannot allocate resource for mainboard
Jul 20 22:25:55 ubuntu kernel: platform eisa.0: Cannot allocate resource for EISA slot 1
Jul 20 22:25:55 ubuntu kernel: platform eisa.0: Cannot allocate resource for EISA slot 2
Jul 20 22:25:55 ubuntu kernel: platform eisa.0: Cannot allocate resource for EISA slot 3
Jul 20 22:25:55 ubuntu kernel: platform eisa.0: Cannot allocate resource for EISA slot 4
Jul 20 22:25:55 ubuntu kernel: platform eisa.0: Cannot allocate resource for EISA slot 5
Jul 20 22:25:55 ubuntu kernel: platform eisa.0: Cannot allocate resource for EISA slot 6
Jul 20 22:25:55 ubuntu kernel: platform eisa.0: Cannot allocate resource for EISA slot 7
Jul 20 22:25:55 ubuntu kernel: platform eisa.0: Cannot allocate resource for EISA slot 8
Jul 20 22:25:55 ubuntu kernel: platform eisa.0: EISA: Detected 0 cards
Jul 20 22:25:55 ubuntu kernel: intel_pstate: CPU model not supported
Jul 20 22:25:55 ubuntu kernel: ledtrig-cpu: registered to indicate activity on CPUs
Jul 20 22:25:55 ubuntu kernel: EFI Variables Facility v0.08 2004-May-17
Jul 20 22:25:55 ubuntu kernel: drop_monitor: Initializing network drop monitor service
Jul 20 22:25:55 ubuntu kernel: NET: Registered protocol family 10
Jul 20 22:25:55 ubuntu kernel: Segment Routing with IPv6
Jul 20 22:25:55 ubuntu kernel: NET: Registered protocol family 17
Jul 20 22:25:55 ubuntu kernel: Key type dns_resolver registered
Jul 20 22:25:55 ubuntu kernel: RAS: Correctable Errors collector initialized.
Jul 20 22:25:55 ubuntu kernel: IPI shorthand broadcast: enabled
Jul 20 22:25:55 ubuntu kernel: sched_clock: Marking stable (1540937860, 141641348)->(1687297459, -4718251)
Jul 20 22:25:55 ubuntu kernel: sd 0:0:1:0: Attached scsi generic sg0 type 0
Jul 20 22:25:55 ubuntu kernel: sd 0:0:1:0: [sda] 20971520 512-byte logical blocks: (10.7 GB/10.0 GiB)
Jul 20 22:25:55 ubuntu kernel: sd 0:0:1:0: [sda] 4096-byte physical blocks
Jul 20 22:25:55 ubuntu kernel: sd 0:0:1:0: [sda] Write Protect is off
Jul 20 22:25:55 ubuntu kernel: sd 0:0:1:0: [sda] Mode Sense: 1f 00 00 08
Jul 20 22:25:55 ubuntu kernel: sd 0:0:1:0: [sda] Write cache: enabled, read cache: enabled, doesn't support DPO or FUA
Jul 20 22:25:55 ubuntu kernel: registered taskstats version 1
Jul 20 22:25:55 ubuntu kernel: Loading compiled-in X.509 certificates
Jul 20 22:25:55 ubuntu kernel: GPT:Primary header thinks Alt. header is not at the end of the disk.
Jul 20 22:25:55 ubuntu kernel: Loaded X.509 cert 'Build time autogenerated kernel key: 2a0d81aa69d346ff5c277817f08f9384341c31cb'
Jul 20 22:25:55 ubuntu kernel: GPT:4612095 != 20971519
Jul 20 22:25:55 ubuntu kernel: Loaded X.509 cert 'Canonical Ltd. Live Patch Signing: 14df34d1a87cf37625abec039ef2bf521249b969'
Jul 20 22:25:55 ubuntu kernel: GPT:Alternate GPT header not at the end of the disk.
Jul 20 22:25:55 ubuntu kernel: Loaded X.509 cert 'Canonical Ltd. Kernel Module Signing: 88f752e560a1e0737e31163a466ad7b70a850c19'
Jul 20 22:25:55 ubuntu kernel: GPT:4612095 != 20971519
Jul 20 22:25:55 ubuntu kernel: GPT: Use GNU Parted to correct GPT errors.
Jul 20 22:25:55 ubuntu kernel: zswap: loaded using pool lzo/zbud
Jul 20 22:25:55 ubuntu kernel:  sda: sda1 sda14 sda15
Jul 20 22:25:55 ubuntu kernel: Key type ._fscrypt registered
Jul 20 22:25:55 ubuntu kernel: sd 0:0:1:0: [sda] Attached SCSI disk
Jul 20 22:25:55 ubuntu kernel: Key type .fscrypt registered
Jul 20 22:25:55 ubuntu kernel: Key type big_key registered
Jul 20 22:25:55 ubuntu kernel: Key type trusted registered
Jul 20 22:25:55 ubuntu kernel: Key type encrypted registered
Jul 20 22:25:55 ubuntu kernel: AppArmor: AppArmor sha1 policy hashing enabled
Jul 20 22:25:55 ubuntu kernel: integrity: Loading X.509 certificate: UEFI:db
Jul 20 22:25:55 ubuntu kernel: integrity: Loaded X.509 cert 'Microsoft Corporation UEFI CA 2011: 13adbf4309bd82709c8cd54f316ed522988a1bd4'
Jul 20 22:25:55 ubuntu kernel: nvme nvme0: 15/0/0 default/read/poll queues
Jul 20 22:25:55 ubuntu kernel: integrity: Loading X.509 certificate: UEFI:db
Jul 20 22:25:55 ubuntu kernel: integrity: Loaded X.509 cert 'Microsoft Windows Production PCA 2011: a92902398e16c49778cd90f99e4f9ae17c55af53'
Jul 20 22:25:55 ubuntu kernel: integrity: Loading X.509 certificate: UEFI:MokListRT
Jul 20 22:25:55 ubuntu kernel: integrity: Loaded X.509 cert 'SomeOrg: shim: a01ee84e9b37ace407961cc468c5909447878469'
Jul 20 22:25:55 ubuntu kernel: integrity: Loading X.509 certificate: UEFI:MokListRT
Jul 20 22:25:55 ubuntu kernel: integrity: Loaded X.509 cert 'Canonical Ltd. Master Certificate Authority: ad91990bc22ab1f517048c23b6655a268e345a63'
Jul 20 22:25:55 ubuntu kernel: ima: Allocated hash algorithm: sha1
Jul 20 22:25:55 ubuntu kernel: ima: No architecture policies found
Jul 20 22:25:55 ubuntu kernel: evm: Initialising EVM extended attributes:
Jul 20 22:25:55 ubuntu kernel: evm: security.selinux
Jul 20 22:25:55 ubuntu kernel: evm: security.SMACK64
Jul 20 22:25:55 ubuntu kernel: evm: security.SMACK64EXEC
Jul 20 22:25:55 ubuntu kernel: evm: security.SMACK64TRANSMUTE
Jul 20 22:25:55 ubuntu kernel: evm: security.SMACK64MMAP
Jul 20 22:25:55 ubuntu kernel: evm: security.apparmor
Jul 20 22:25:55 ubuntu kernel: evm: security.ima
Jul 20 22:25:55 ubuntu kernel: evm: security.capability
Jul 20 22:25:55 ubuntu kernel: evm: HMAC attrs: 0x1
Jul 20 22:25:55 ubuntu kernel: PM:   Magic number: 13:219:452
Jul 20 22:25:55 ubuntu kernel: acpi WACF004:00: hash matches
Jul 20 22:25:55 ubuntu kernel: rtc_cmos 00:00: setting system clock to 2021-07-20T22:25:54 UTC (1626819954)
Jul 20 22:25:55 ubuntu kernel: input: AT Translated Set 2 keyboard as /devices/platform/i8042/serio0/input/input2
Jul 20 22:25:55 ubuntu kernel: md: Waiting for all devices to be available before autodetect
Jul 20 22:25:55 ubuntu kernel: md: If you don't use raid, use raid=noautodetect
Jul 20 22:25:55 ubuntu kernel: md: Autodetecting RAID arrays.
Jul 20 22:25:55 ubuntu kernel: md: autorun ...
Jul 20 22:25:55 ubuntu kernel: md: ... autorun DONE.
Jul 20 22:25:55 ubuntu kernel: EXT4-fs (sda1): mounted filesystem with ordered data mode. Opts: (null)
Jul 20 22:25:55 ubuntu kernel: VFS: Mounted root (ext4 filesystem) readonly on device 8:1.
Jul 20 22:25:55 ubuntu kernel: devtmpfs: mounted
Jul 20 22:25:55 ubuntu kernel: Freeing unused decrypted memory: 2040K
Jul 20 22:25:55 ubuntu kernel: Freeing unused kernel image memory: 2696K
Jul 20 22:25:55 ubuntu kernel: Write protecting the kernel read-only data: 22528k
Jul 20 22:25:55 ubuntu kernel: Freeing unused kernel image memory: 2008K
Jul 20 22:25:55 ubuntu kernel: Freeing unused kernel image memory: 1180K
Jul 20 22:25:55 ubuntu kernel: x86/mm: Checked W+X mappings: passed, no W+X pages found.
Jul 20 22:25:55 ubuntu kernel: x86/mm: Checking user space page tables
Jul 20 22:25:55 ubuntu kernel: x86/mm: Checked W+X mappings: passed, no W+X pages found.
Jul 20 22:25:55 ubuntu kernel: Run /sbin/init as init process
Jul 20 22:25:55 ubuntu systemd[1]: Inserted module 'autofs4'
Jul 20 22:25:55 ubuntu systemd[1]: systemd 245.4-4ubuntu3.6 running in system mode. (+PAM +AUDIT +SELINUX +IMA +APPARMOR +SMACK +SYSVINIT +UTMP +LIBCRYPTSETUP +GCRYPT +GNUTLS +ACL +XZ +LZ4 +SECCOMP +BLKID +ELFUTILS +KMOD +IDN2 -IDN +PCRE2 default-hierarchy=hybrid)
Jul 20 22:25:55 ubuntu systemd[1]: Detected virtualization kvm.
Jul 20 22:25:55 ubuntu systemd[1]: Detected architecture x86-64.
Jul 20 22:25:55 ubuntu systemd[1]: Set hostname to <ubuntu>.
Jul 20 22:25:55 ubuntu systemd[1]: Initializing machine ID from KVM UUID.
Jul 20 22:25:55 ubuntu systemd[1]: Installed transient /etc/machine-id file.
Jul 20 22:25:55 ubuntu systemd[1]: Created slice system-modprobe.slice.
Jul 20 22:25:55 ubuntu systemd[1]: Created slice system-serial\x2dgetty.slice.
Jul 20 22:25:55 ubuntu systemd[1]: Created slice system-systemd\x2dfsck.slice.
Jul 20 22:25:55 ubuntu systemd[1]: Created slice User and Session Slice.
Jul 20 22:25:55 ubuntu systemd[1]: Started Forward Password Requests to Wall Directory Watch.
Jul 20 22:25:55 ubuntu systemd[1]: Set up automount Arbitrary Executable File Formats File System Automount Point.
Jul 20 22:25:55 ubuntu systemd[1]: Reached target User and Group Name Lookups.
Jul 20 22:25:55 ubuntu systemd[1]: Reached target Slices.
Jul 20 22:25:55 ubuntu systemd[1]: Reached target Swap.
Jul 20 22:25:55 ubuntu systemd[1]: Reached target System Time Set.
Jul 20 22:25:55 ubuntu systemd[1]: Listening on Device-mapper event daemon FIFOs.
Jul 20 22:25:55 ubuntu systemd[1]: Listening on LVM2 poll daemon socket.
Jul 20 22:25:55 ubuntu systemd[1]: Listening on multipathd control socket.
Jul 20 22:25:55 ubuntu systemd[1]: Listening on Syslog Socket.
Jul 20 22:25:55 ubuntu systemd[1]: Listening on fsck to fsckd communication Socket.
Jul 20 22:25:55 ubuntu systemd[1]: Listening on initctl Compatibility Named Pipe.
Jul 20 22:25:55 ubuntu systemd[1]: Listening on Journal Audit Socket.
Jul 20 22:25:55 ubuntu systemd[1]: Listening on Journal Socket (/dev/log).
Jul 20 22:25:55 ubuntu systemd[1]: Listening on Journal Socket.
Jul 20 22:25:55 ubuntu systemd[1]: Listening on Network Service Netlink Socket.
Jul 20 22:25:55 ubuntu systemd[1]: Listening on udev Control Socket.
Jul 20 22:25:55 ubuntu systemd[1]: Listening on udev Kernel Socket.
Jul 20 22:25:55 ubuntu systemd[1]: Mounting Huge Pages File System...
Jul 20 22:25:55 ubuntu systemd[1]: Mounting POSIX Message Queue File System...
Jul 20 22:25:55 ubuntu systemd[1]: Mounting Kernel Debug File System...
Jul 20 22:25:55 ubuntu systemd[1]: Mounting Kernel Trace File System...
Jul 20 22:25:55 ubuntu systemd[1]: Starting Journal Service...
Jul 20 22:25:55 ubuntu systemd[1]: Starting Set the console keyboard layout...
Jul 20 22:25:55 ubuntu systemd[1]: Starting Create list of static device nodes for the current kernel...
Jul 20 22:25:55 ubuntu systemd[1]: Starting Monitoring of LVM2 mirrors, snapshots etc. using dmeventd or progress polling...
Jul 20 22:25:55 ubuntu systemd[1]: Starting Load Kernel Module drm...
Jul 20 22:25:55 ubuntu systemd[1]: Condition check resulted in OpenVSwitch configuration for cleanup being skipped.
Jul 20 22:25:55 ubuntu systemd-journald[281]: Journal started
Jul 20 22:25:55 ubuntu systemd-journald[281]: Runtime Journal (/run/log/journal/0ba8f7289f09705366eb18e59bf46973) is 8.0M, max 602.9M, 594.9M free.
Jul 20 22:25:55 ubuntu systemd[1]: Condition check resulted in Set Up Additional Binary Formats being skipped.
Jul 20 22:25:55 ubuntu systemd[1]: Starting File System Check on Root Device...
Jul 20 22:25:55 ubuntu systemd[1]: Starting Load Kernel Modules...
Jul 20 22:25:55 ubuntu systemd[1]: Starting udev Coldplug all Devices...
Jul 20 22:25:55 ubuntu systemd[1]: Starting Uncomplicated firewall...
Jul 20 22:25:55 ubuntu systemd[1]: Started Journal Service.
Jul 20 22:25:55 ubuntu systemd[1]: Mounted Huge Pages File System.
Jul 20 22:25:55 ubuntu systemd[1]: Mounted POSIX Message Queue File System.
Jul 20 22:25:55 ubuntu systemd[1]: Mounted Kernel Debug File System.
Jul 20 22:25:55 ubuntu systemd[1]: Mounted Kernel Trace File System.
Jul 20 22:25:55 ubuntu systemd[1]: Finished Set the console keyboard layout.
Jul 20 22:25:55 ubuntu systemd[1]: Finished Create list of static device nodes for the current kernel.
Jul 20 22:25:55 ubuntu systemd[1]: modprobe@drm.service: Succeeded.
Jul 20 22:25:55 ubuntu systemd[1]: Finished Load Kernel Module drm.
Jul 20 22:25:55 ubuntu systemd[1]: Finished Load Kernel Modules.
Jul 20 22:25:55 ubuntu systemd[1]: Finished Uncomplicated firewall.
Jul 20 22:25:55 ubuntu systemd[1]: Mounting FUSE Control File System...
Jul 20 22:25:55 ubuntu systemd[1]: Mounting Kernel Configuration File System...
Jul 20 22:25:55 ubuntu systemd[1]: Started File System Check Daemon to report status.
Jul 20 22:25:55 ubuntu systemd-fsck[297]: cloudimg-rootfs: clean, 72153/274176 files, 424425/548091 blocks
Jul 20 22:25:55 ubuntu systemd[1]: Starting Apply Kernel Variables...
Jul 20 22:25:55 ubuntu systemd-sysctl[302]: Not setting net/ipv4/conf/all/promote_secondaries (explicit setting exists).
Jul 20 22:25:55 ubuntu systemd-sysctl[302]: Not setting net/ipv4/conf/default/promote_secondaries (explicit setting exists).
Jul 20 22:25:55 ubuntu systemd[1]: Finished File System Check on Root Device.
Jul 20 22:25:55 ubuntu systemd[1]: Mounted FUSE Control File System.
Jul 20 22:25:55 ubuntu systemd[1]: Mounted Kernel Configuration File System.
Jul 20 22:25:55 ubuntu systemd[1]: Finished Apply Kernel Variables.
Jul 20 22:25:55 ubuntu systemd[1]: Starting Remount Root and Kernel File Systems...
Jul 20 22:25:55 ubuntu systemd[1]: Finished udev Coldplug all Devices.
Jul 20 22:25:55 ubuntu kernel: EXT4-fs (sda1): re-mounted. Opts: (null)
Jul 20 22:25:55 ubuntu systemd[1]: Finished Remount Root and Kernel File Systems.
Jul 20 22:25:55 ubuntu systemd[1]: Condition check resulted in Rebuild Hardware Database being skipped.
Jul 20 22:25:55 ubuntu systemd[1]: Starting Flush Journal to Persistent Storage...
Jul 20 22:25:55 ubuntu systemd-journald[281]: Time spent on flushing to /var/log/journal/0ba8f7289f09705366eb18e59bf46973 is 5.463ms for 593 entries.
Jul 20 22:25:55 ubuntu systemd-journald[281]: System Journal (/var/log/journal/0ba8f7289f09705366eb18e59bf46973) is 8.0M, max 200.9M, 192.9M free.
Jul 20 22:25:55 ubuntu systemd[1]: Condition check resulted in Platform Persistent Storage Archival being skipped.
Jul 20 22:25:55 ubuntu systemd[1]: Starting Load/Save Random Seed...
Jul 20 22:25:55 ubuntu systemd[1]: Starting Create System Users...
Jul 20 22:25:55 ubuntu systemd[1]: Starting udev Wait for Complete Device Initialization...
Jul 20 22:25:55 ubuntu systemd[1]: Finished Flush Journal to Persistent Storage.
Jul 20 22:25:55 ubuntu systemd[1]: Finished Load/Save Random Seed.
Jul 20 22:25:55 ubuntu systemd-sysusers[314]: Creating group systemd-coredump with gid 999.
Jul 20 22:25:55 ubuntu systemd-sysusers[314]: Creating user systemd-coredump (systemd Core Dumper) with uid 999 and gid 999.
Jul 20 22:25:55 ubuntu systemd[1]: Finished Create System Users.
Jul 20 22:25:55 ubuntu systemd[1]: Starting Create Static Device Nodes in /dev...
Jul 20 22:25:55 ubuntu systemd[1]: Finished Create Static Device Nodes in /dev.
Jul 20 22:25:55 ubuntu systemd[1]: Starting udev Kernel Device Manager...
Jul 20 22:25:55 ubuntu systemd[1]: Started udev Kernel Device Manager.
Jul 20 22:25:55 ubuntu systemd[1]: Condition check resulted in Show Plymouth Boot Screen being skipped.
Jul 20 22:25:55 ubuntu systemd[1]: Started Dispatch Password Requests to Console Directory Watch.
Jul 20 22:25:55 ubuntu systemd[1]: Condition check resulted in Forward Password Requests to Plymouth Directory Watch being skipped.
Jul 20 22:25:55 ubuntu systemd[1]: Reached target Local Encrypted Volumes.
Jul 20 22:25:56 ubuntu systemd[1]: Found device /dev/ttyS0.
Jul 20 22:25:56 ubuntu kernel: cryptd: max_cpu_qlen set to 1000
Jul 20 22:25:56 ubuntu multipath[369]: nvme0n1: failed to get udev uid: Invalid argument
Jul 20 22:25:56 ubuntu multipath[369]: nvme0n1: uid = nvme.1ae0-6e766d655f63617264-6e766d655f63617264-00000001 (sysfs)
Jul 20 22:25:56 ubuntu kernel: AVX2 version of gcm_enc/dec engaged.
Jul 20 22:25:56 ubuntu kernel: AES CTR mode by8 optimization enabled
Jul 20 22:25:56 ubuntu systemd-udevd[319]: sda: /usr/lib/udev/rules.d/99-gce.rules:5 Failed to write ATTR{/sys/devices/pci0000:00/0000:00:03.0/virtio0/host0/target0:0:1/0:0:1:0/block/sda/queue/scheduler}, ignoring: Invalid argument
Jul 20 22:25:56 ubuntu systemd-udevd[355]: ethtool: autonegotiation is unset or enabled, the speed and duplex are not writable.
Jul 20 22:25:56 ubuntu systemd[1]: Listening on Load/Save RF Kill Switch Status /dev/rfkill Watch.
Jul 20 22:25:56 ubuntu udevadm[316]: systemd-udev-settle.service is deprecated.
Jul 20 22:25:56 ubuntu systemd-udevd[329]: Using default interface naming scheme 'v245'.
Jul 20 22:25:56 ubuntu systemd-udevd[329]: ethtool: autonegotiation is unset or enabled, the speed and duplex are not writable.
Jul 20 22:25:56 ubuntu kernel: virtio_net virtio1 ens5: renamed from eth0
Jul 20 22:25:56 ubuntu systemd-udevd[359]: Using default interface naming scheme 'v245'.
Jul 20 22:25:56 ubuntu systemd-udevd[359]: ethtool: autonegotiation is unset or enabled, the speed and duplex are not writable.
Jul 20 22:25:56 ubuntu systemd[1]: Found device PersistentDisk UEFI.
Jul 20 22:25:56 ubuntu systemd[1]: Finished udev Wait for Complete Device Initialization.
Jul 20 22:25:56 ubuntu systemd[1]: Starting Device-Mapper Multipath Device Controller...
Jul 20 22:25:56 ubuntu kernel: alua: device handler registered
Jul 20 22:25:56 ubuntu kernel: emc: device handler registered
Jul 20 22:25:56 ubuntu kernel: rdac: device handler registered
Jul 20 22:25:56 ubuntu multipathd[482]: --------start up--------
Jul 20 22:25:56 ubuntu multipathd[482]: read /etc/multipath.conf
Jul 20 22:25:56 ubuntu multipathd[482]: path checkers start up
Jul 20 22:25:56 ubuntu systemd[1]: Started Device-Mapper Multipath Device Controller.
Jul 20 22:25:56 ubuntu systemd[1]: Finished Monitoring of LVM2 mirrors, snapshots etc. using dmeventd or progress polling.
Jul 20 22:25:56 ubuntu systemd[1]: Reached target Local File Systems (Pre).
Jul 20 22:25:56 ubuntu systemd[1]: Mounting Mount unit for core18, revision 2066...
Jul 20 22:25:56 ubuntu systemd[1]: Mounting Mount unit for google-cloud-sdk, revision 184...
Jul 20 22:25:56 ubuntu systemd[1]: Mounting Mount unit for lxd, revision 20326...
Jul 20 22:25:56 ubuntu systemd[1]: Mounting Mount unit for snapd, revision 12057...
Jul 20 22:25:56 ubuntu systemd[1]: Starting File System Check on /dev/disk/by-label/UEFI...
Jul 20 22:25:56 ubuntu systemd[1]: Mounted Mount unit for core18, revision 2066.
Jul 20 22:25:56 ubuntu systemd-fsck[500]: fsck.fat 4.1 (2017-01-24)
Jul 20 22:25:56 ubuntu systemd-fsck[500]: /dev/sda15: 12 files, 16015/213716 clusters
Jul 20 22:25:56 ubuntu systemd[1]: Finished File System Check on /dev/disk/by-label/UEFI.
Jul 20 22:25:56 ubuntu systemd[1]: Mounted Mount unit for google-cloud-sdk, revision 184.
Jul 20 22:25:56 ubuntu systemd[1]: Mounting /boot/efi...
Jul 20 22:25:56 ubuntu systemd[1]: Mounted /boot/efi.
Jul 20 22:25:56 ubuntu systemd[1]: Mounted Mount unit for lxd, revision 20326.
Jul 20 22:25:56 ubuntu systemd[1]: Mounted Mount unit for snapd, revision 12057.
Jul 20 22:25:56 ubuntu systemd[1]: Reached target Local File Systems.
Jul 20 22:25:56 ubuntu systemd[1]: Starting Load AppArmor profiles...
Jul 20 22:25:56 ubuntu apparmor.systemd[512]: Restarting AppArmor
Jul 20 22:25:56 ubuntu apparmor.systemd[512]: Reloading AppArmor profiles
Jul 20 22:25:56 ubuntu systemd[1]: Starting Set console font and keymap...
Jul 20 22:25:56 ubuntu systemd[1]: Starting Create final runtime dir for shutdown pivot root...
Jul 20 22:25:56 ubuntu systemd[1]: Condition check resulted in LXD - agent - 9p mount being skipped.
Jul 20 22:25:56 ubuntu systemd[1]: Condition check resulted in LXD - agent being skipped.
Jul 20 22:25:56 ubuntu systemd[1]: Starting Tell Plymouth To Write Out Runtime Data...
Jul 20 22:25:56 ubuntu apparmor.systemd[528]: Skipping profile in /etc/apparmor.d/disable: usr.sbin.rsyslogd
Jul 20 22:25:56 ubuntu systemd[1]: Condition check resulted in Store a System Token in an EFI Variable being skipped.
Jul 20 22:25:56 ubuntu systemd[1]: Starting Commit a transient machine-id on disk...
Jul 20 22:25:56 ubuntu systemd[1]: Starting Create Volatile Files and Directories...
Jul 20 22:25:56 ubuntu systemd[1]: etc-machine\x2did.mount: Succeeded.
Jul 20 22:25:56 ubuntu systemd[1]: Finished Set console font and keymap.
Jul 20 22:25:56 ubuntu audit[522]: AVC apparmor="STATUS" operation="profile_load" profile="unconfined" name="lsb_release" pid=522 comm="apparmor_parser"
Jul 20 22:25:56 ubuntu kernel: audit: type=1400 audit(1626819956.775:2): apparmor="STATUS" operation="profile_load" profile="unconfined" name="lsb_release" pid=522 comm="apparmor_parser"
Jul 20 22:25:56 ubuntu audit[530]: AVC apparmor="STATUS" operation="profile_load" profile="unconfined" name="nvidia_modprobe" pid=530 comm="apparmor_parser"
Jul 20 22:25:56 ubuntu kernel: audit: type=1400 audit(1626819956.783:3): apparmor="STATUS" operation="profile_load" profile="unconfined" name="nvidia_modprobe" pid=530 comm="apparmor_parser"
Jul 20 22:25:56 ubuntu audit[530]: AVC apparmor="STATUS" operation="profile_load" profile="unconfined" name="nvidia_modprobe//kmod" pid=530 comm="apparmor_parser"
Jul 20 22:25:56 ubuntu systemd[1]: Finished Create final runtime dir for shutdown pivot root.
Jul 20 22:25:56 ubuntu kernel: audit: type=1400 audit(1626819956.787:4): apparmor="STATUS" operation="profile_load" profile="unconfined" name="nvidia_modprobe//kmod" pid=530 comm="apparmor_parser"
Jul 20 22:25:56 ubuntu systemd[1]: plymouth-read-write.service: Succeeded.
Jul 20 22:25:56 ubuntu systemd[1]: Finished Tell Plymouth To Write Out Runtime Data.
Jul 20 22:25:56 ubuntu audit[529]: AVC apparmor="STATUS" operation="profile_load" profile="unconfined" name="/usr/bin/man" pid=529 comm="apparmor_parser"
Jul 20 22:25:56 ubuntu audit[529]: AVC apparmor="STATUS" operation="profile_load" profile="unconfined" name="man_filter" pid=529 comm="apparmor_parser"
Jul 20 22:25:56 ubuntu kernel: audit: type=1400 audit(1626819956.807:5): apparmor="STATUS" operation="profile_load" profile="unconfined" name="/usr/bin/man" pid=529 comm="apparmor_parser"
Jul 20 22:25:56 ubuntu kernel: audit: type=1400 audit(1626819956.807:6): apparmor="STATUS" operation="profile_load" profile="unconfined" name="man_filter" pid=529 comm="apparmor_parser"
Jul 20 22:25:56 ubuntu kernel: audit: type=1400 audit(1626819956.807:7): apparmor="STATUS" operation="profile_load" profile="unconfined" name="man_groff" pid=529 comm="apparmor_parser"
Jul 20 22:25:56 ubuntu audit[529]: AVC apparmor="STATUS" operation="profile_load" profile="unconfined" name="man_groff" pid=529 comm="apparmor_parser"
Jul 20 22:25:56 ubuntu systemd[1]: Finished Commit a transient machine-id on disk.
Jul 20 22:25:56 ubuntu audit[527]: AVC apparmor="STATUS" operation="profile_load" profile="unconfined" name="/usr/sbin/chronyd" pid=527 comm="apparmor_parser"
Jul 20 22:25:56 ubuntu kernel: audit: type=1400 audit(1626819956.823:8): apparmor="STATUS" operation="profile_load" profile="unconfined" name="/usr/sbin/chronyd" pid=527 comm="apparmor_parser"
Jul 20 22:25:56 ubuntu systemd[1]: Finished Create Volatile Files and Directories.
Jul 20 22:25:56 ubuntu systemd[1]: Starting Update UTMP about System Boot/Shutdown...
Jul 20 22:25:56 ubuntu systemd[1]: Finished Update UTMP about System Boot/Shutdown.
Jul 20 22:25:56 ubuntu audit[525]: AVC apparmor="STATUS" operation="profile_load" profile="unconfined" name="/usr/sbin/tcpdump" pid=525 comm="apparmor_parser"
Jul 20 22:25:56 ubuntu kernel: audit: type=1400 audit(1626819956.851:9): apparmor="STATUS" operation="profile_load" profile="unconfined" name="/usr/sbin/tcpdump" pid=525 comm="apparmor_parser"
Jul 20 22:25:56 ubuntu kernel: input: ImExPS/2 Generic Explorer Mouse as /devices/platform/i8042/serio1/input/input4
Jul 20 22:25:56 ubuntu audit[524]: AVC apparmor="STATUS" operation="profile_load" profile="unconfined" name="/usr/lib/NetworkManager/nm-dhcp-client.action" pid=524 comm="apparmor_parser"
Jul 20 22:25:56 ubuntu audit[524]: AVC apparmor="STATUS" operation="profile_load" profile="unconfined" name="/usr/lib/NetworkManager/nm-dhcp-helper" pid=524 comm="apparmor_parser"
Jul 20 22:25:56 ubuntu audit[524]: AVC apparmor="STATUS" operation="profile_load" profile="unconfined" name="/usr/lib/connman/scripts/dhclient-script" pid=524 comm="apparmor_parser"
Jul 20 22:25:56 ubuntu kernel: audit: type=1400 audit(1626819956.911:10): apparmor="STATUS" operation="profile_load" profile="unconfined" name="/usr/lib/NetworkManager/nm-dhcp-client.action" pid=524 comm="apparmor_parser"
Jul 20 22:25:56 ubuntu audit[524]: AVC apparmor="STATUS" operation="profile_load" profile="unconfined" name="/{,usr/}sbin/dhclient" pid=524 comm="apparmor_parser"
Jul 20 22:25:56 ubuntu audit[523]: AVC apparmor="STATUS" operation="profile_load" profile="unconfined" name="/usr/lib/snapd/snap-confine" pid=523 comm="apparmor_parser"
Jul 20 22:25:56 ubuntu audit[523]: AVC apparmor="STATUS" operation="profile_load" profile="unconfined" name="/usr/lib/snapd/snap-confine//mount-namespace-capture-helper" pid=523 comm="apparmor_parser"
Jul 20 22:25:56 ubuntu systemd[1]: Finished Load AppArmor profiles.
Jul 20 22:25:56 ubuntu systemd[1]: Starting Load AppArmor profiles managed internally by snapd...
Jul 20 22:25:56 ubuntu systemd[1]: Condition check resulted in Authentication service for virtual machines hosted on VMware being skipped.
Jul 20 22:25:56 ubuntu systemd[1]: Condition check resulted in Service for virtual machines hosted on VMware being skipped.
Jul 20 22:25:56 ubuntu systemd[1]: Starting Initial cloud-init job (pre-networking)...
Jul 20 22:25:56 ubuntu audit[548]: AVC apparmor="STATUS" operation="profile_load" profile="unconfined" name="snap.google-cloud-sdk.anthoscli" pid=548 comm="apparmor_parser"
Jul 20 22:25:56 ubuntu audit[551]: AVC apparmor="STATUS" operation="profile_load" profile="unconfined" name="snap.google-cloud-sdk.gcloud" pid=551 comm="apparmor_parser"
Jul 20 22:25:56 ubuntu audit[552]: AVC apparmor="STATUS" operation="profile_load" profile="unconfined" name="snap.google-cloud-sdk.gsutil" pid=552 comm="apparmor_parser"
Jul 20 22:25:56 ubuntu audit[553]: AVC apparmor="STATUS" operation="profile_load" profile="unconfined" name="snap.google-cloud-sdk.kubectl" pid=553 comm="apparmor_parser"
Jul 20 22:25:56 ubuntu audit[550]: AVC apparmor="STATUS" operation="profile_load" profile="unconfined" name="snap.google-cloud-sdk.docker-credential-gcloud" pid=550 comm="apparmor_parser"
Jul 20 22:25:56 ubuntu audit[549]: AVC apparmor="STATUS" operation="profile_load" profile="unconfined" name="snap.google-cloud-sdk.bq" pid=549 comm="apparmor_parser"
Jul 20 22:25:57 ubuntu audit[547]: AVC apparmor="STATUS" operation="profile_load" profile="unconfined" name="snap-update-ns.lxd" pid=547 comm="apparmor_parser"
Jul 20 22:25:57 ubuntu audit[546]: AVC apparmor="STATUS" operation="profile_load" profile="unconfined" name="snap-update-ns.google-cloud-sdk" pid=546 comm="apparmor_parser"
Jul 20 22:25:57 ubuntu audit[562]: AVC apparmor="STATUS" operation="profile_load" profile="unconfined" name="snap.lxd.lxc" pid=562 comm="apparmor_parser"
Jul 20 22:25:57 ubuntu audit[563]: AVC apparmor="STATUS" operation="profile_load" profile="unconfined" name="snap.lxd.lxc-to-lxd" pid=563 comm="apparmor_parser"
Jul 20 22:25:57 ubuntu audit[560]: AVC apparmor="STATUS" operation="profile_load" profile="unconfined" name="snap.lxd.hook.install" pid=560 comm="apparmor_parser"
Jul 20 22:25:57 ubuntu audit[564]: AVC apparmor="STATUS" operation="profile_load" profile="unconfined" name="snap.lxd.lxd" pid=564 comm="apparmor_parser"
Jul 20 22:25:57 ubuntu audit[561]: AVC apparmor="STATUS" operation="profile_load" profile="unconfined" name="snap.lxd.hook.remove" pid=561 comm="apparmor_parser"
Jul 20 22:25:57 ubuntu audit[557]: AVC apparmor="STATUS" operation="profile_load" profile="unconfined" name="snap.lxd.check-kernel" pid=557 comm="apparmor_parser"
Jul 20 22:25:57 ubuntu audit[555]: AVC apparmor="STATUS" operation="profile_load" profile="unconfined" name="snap.lxd.benchmark" pid=555 comm="apparmor_parser"
Jul 20 22:25:57 ubuntu audit[554]: AVC apparmor="STATUS" operation="profile_load" profile="unconfined" name="snap.lxd.activate" pid=554 comm="apparmor_parser"
Jul 20 22:25:57 ubuntu audit[556]: AVC apparmor="STATUS" operation="profile_load" profile="unconfined" name="snap.lxd.buginfo" pid=556 comm="apparmor_parser"
Jul 20 22:25:57 ubuntu audit[565]: AVC apparmor="STATUS" operation="profile_load" profile="unconfined" name="snap.lxd.migrate" pid=565 comm="apparmor_parser"
Jul 20 22:25:57 ubuntu audit[559]: AVC apparmor="STATUS" operation="profile_load" profile="unconfined" name="snap.lxd.hook.configure" pid=559 comm="apparmor_parser"
Jul 20 22:25:57 ubuntu audit[558]: AVC apparmor="STATUS" operation="profile_load" profile="unconfined" name="snap.lxd.daemon" pid=558 comm="apparmor_parser"
Jul 20 22:25:57 ubuntu audit[545]: AVC apparmor="STATUS" operation="profile_load" profile="unconfined" name="/snap/snapd/12057/usr/lib/snapd/snap-confine" pid=545 comm="apparmor_parser"
Jul 20 22:25:57 ubuntu audit[545]: AVC apparmor="STATUS" operation="profile_load" profile="unconfined" name="/snap/snapd/12057/usr/lib/snapd/snap-confine//mount-namespace-capture-helper" pid=545 comm="apparmor_parser"
Jul 20 22:25:57 ubuntu systemd[1]: Finished Load AppArmor profiles managed internally by snapd.
Jul 20 22:25:58 ubuntu systemd[1]: Condition check resulted in OpenVSwitch configuration for cleanup being skipped.
Jul 20 22:25:58 ubuntu systemd[1]: Condition check resulted in OpenVSwitch configuration for cleanup being skipped.
Jul 20 22:25:58 ubuntu systemd[1]: Condition check resulted in OpenVSwitch configuration for cleanup being skipped.
Jul 20 22:25:58 ubuntu cloud-init[573]: Cloud-init v. 21.1-19-gbad84ad4-0ubuntu1~20.04.2 running 'init-local' at Tue, 20 Jul 2021 22:25:57 +0000. Up 4.96 seconds.
Jul 20 22:25:58 ubuntu systemd[1]: Finished Initial cloud-init job (pre-networking).
Jul 20 22:25:58 ubuntu systemd[1]: Reached target Network (Pre).
Jul 20 22:25:58 ubuntu systemd[1]: Starting Network Service...
Jul 20 22:25:58 ubuntu systemd-networkd[589]: Enumeration completed
Jul 20 22:25:58 ubuntu systemd-networkd[589]: ens5: Interface name change detected, ens5 has been renamed to eth0.
Jul 20 22:25:58 ubuntu systemd[1]: Started Network Service.
Jul 20 22:25:58 ubuntu systemd-networkd[589]: eth0: Interface name change detected, eth0 has been renamed to ens5.
Jul 20 22:25:58 ubuntu systemd-networkd[589]: ens5: IPv6 successfully enabled
Jul 20 22:25:58 ubuntu systemd-networkd[589]: ens5: Link UP
Jul 20 22:25:58 ubuntu systemd[1]: Starting Wait for Network to be Configured...
Jul 20 22:25:58 ubuntu systemd[1]: Starting Network Name Resolution...
Jul 20 22:25:58 ubuntu systemd-networkd[589]: ens5: Gained carrier
Jul 20 22:25:58 ubuntu systemd-networkd[589]: ens5: DHCPv4 address 10.142.0.56/32 via 10.142.0.1
Jul 20 22:25:58 ubuntu systemd-resolved[592]: Positive Trust Anchors:
Jul 20 22:25:58 ubuntu systemd-resolved[592]: . IN DS 20326 8 2 e06d44b80b8f1d39a95c0b0d7c65d08458e880409bbc683457104237c7f8ec8d
Jul 20 22:25:58 ubuntu systemd-resolved[592]: Negative trust anchors: 10.in-addr.arpa 16.172.in-addr.arpa 17.172.in-addr.arpa 18.172.in-addr.arpa 19.172.in-addr.arpa 20.172.in-addr.arpa 21.172.in-addr.arpa 22.172.in-addr.arpa 23.172.in-addr.arpa 24.172.in-addr.arpa 25.172.in-addr.arpa 26.172.in-addr.arpa 27.172.in-addr.arpa 28.172.in-addr.arpa 29.172.in-addr.arpa 30.172.in-addr.arpa 31.172.in-addr.arpa 168.192.in-addr.arpa d.f.ip6.arpa corp home internal intranet lan local private test
Jul 20 22:25:58 ubuntu systemd-resolved[592]: Using system hostname 'ubuntu'.
Jul 20 22:25:58 ubuntu systemd[1]: Started Network Name Resolution.
Jul 20 22:25:58 ubuntu systemd[1]: Reached target Network.
Jul 20 22:25:58 ubuntu systemd[1]: Reached target Host and Network Name Lookups.
Jul 20 22:25:59 ubuntu systemd-networkd[589]: ens5: Gained IPv6LL
Jul 20 22:25:59 ubuntu systemd-networkd-wait-online[591]: managing: ens5
Jul 20 22:25:59 ubuntu systemd[1]: Finished Wait for Network to be Configured.
Jul 20 22:25:59 ubuntu systemd[1]: Starting Initial cloud-init job (metadata service crawler)...
Jul 20 22:26:00 nair-test-0005 systemd-resolved[592]: System hostname changed to 'nair-test-0005'.
Jul 20 22:26:00 nair-test-0005 cloud-init[607]: Cloud-init v. 21.1-19-gbad84ad4-0ubuntu1~20.04.2 running 'init' at Tue, 20 Jul 2021 22:25:59 +0000. Up 7.09 seconds.
Jul 20 22:26:00 nair-test-0005 cloud-init[607]: ci-info: ++++++++++++++++++++++++++++++++++++++Net device info+++++++++++++++++++++++++++++++++++++++
Jul 20 22:26:00 nair-test-0005 cloud-init[607]: ci-info: +--------+------+---------------------------+-----------------+--------+-------------------+
Jul 20 22:26:00 nair-test-0005 cloud-init[607]: ci-info: | Device |  Up  |          Address          |       Mask      | Scope  |     Hw-Address    |
Jul 20 22:26:00 nair-test-0005 cloud-init[607]: ci-info: +--------+------+---------------------------+-----------------+--------+-------------------+
Jul 20 22:26:00 nair-test-0005 cloud-init[607]: ci-info: |  ens5  | True |        10.142.0.56        | 255.255.255.255 | global | 42:01:0a:8e:00:38 |
Jul 20 22:26:00 nair-test-0005 cloud-init[607]: ci-info: |  ens5  | True | fe80::4001:aff:fe8e:38/64 |        .        |  link  | 42:01:0a:8e:00:38 |
Jul 20 22:26:00 nair-test-0005 cloud-init[607]: ci-info: |   lo   | True |         127.0.0.1         |    255.0.0.0    |  host  |         .         |
Jul 20 22:26:00 nair-test-0005 cloud-init[607]: ci-info: |   lo   | True |          ::1/128          |        .        |  host  |         .         |
Jul 20 22:26:00 nair-test-0005 cloud-init[607]: ci-info: +--------+------+---------------------------+-----------------+--------+-------------------+
Jul 20 22:26:00 nair-test-0005 cloud-init[607]: ci-info: +++++++++++++++++++++++++++++Route IPv4 info++++++++++++++++++++++++++++++
Jul 20 22:26:00 nair-test-0005 cloud-init[607]: ci-info: +-------+-------------+------------+-----------------+-----------+-------+
Jul 20 22:26:00 nair-test-0005 cloud-init[607]: ci-info: | Route | Destination |  Gateway   |     Genmask     | Interface | Flags |
Jul 20 22:26:00 nair-test-0005 cloud-init[607]: ci-info: +-------+-------------+------------+-----------------+-----------+-------+
Jul 20 22:26:00 nair-test-0005 cloud-init[607]: ci-info: |   0   |   0.0.0.0   | 10.142.0.1 |     0.0.0.0     |    ens5   |   UG  |
Jul 20 22:26:00 nair-test-0005 cloud-init[607]: ci-info: |   1   |  10.142.0.1 |  0.0.0.0   | 255.255.255.255 |    ens5   |   UH  |
Jul 20 22:26:00 nair-test-0005 cloud-init[607]: ci-info: +-------+-------------+------------+-----------------+-----------+-------+
Jul 20 22:26:00 nair-test-0005 cloud-init[607]: ci-info: +++++++++++++++++++Route IPv6 info+++++++++++++++++++
Jul 20 22:26:00 nair-test-0005 cloud-init[607]: ci-info: +-------+-------------+---------+-----------+-------+
Jul 20 22:26:00 nair-test-0005 cloud-init[607]: ci-info: | Route | Destination | Gateway | Interface | Flags |
Jul 20 22:26:00 nair-test-0005 cloud-init[607]: ci-info: +-------+-------------+---------+-----------+-------+
Jul 20 22:26:00 nair-test-0005 cloud-init[607]: ci-info: |   1   |  fe80::/64  |    ::   |    ens5   |   U   |
Jul 20 22:26:00 nair-test-0005 cloud-init[607]: ci-info: |   3   |    local    |    ::   |    ens5   |   U   |
Jul 20 22:26:00 nair-test-0005 cloud-init[607]: ci-info: |   4   |  multicast  |    ::   |    ens5   |   U   |
Jul 20 22:26:00 nair-test-0005 cloud-init[607]: ci-info: +-------+-------------+---------+-----------+-------+
Jul 20 22:26:00 nair-test-0005 systemd-udevd[599]: sda: Failed to process device, ignoring: Resource temporarily unavailable
Jul 20 22:26:00 nair-test-0005 systemd-udevd[599]: sda1: Failed to process device, ignoring: Resource temporarily unavailable
Jul 20 22:26:00 nair-test-0005 multipathd[482]: sda: failed to get udev uid: Invalid argument
Jul 20 22:26:00 nair-test-0005 multipathd[482]: sda: failed to get unknown uid: Invalid argument
Jul 20 22:26:00 nair-test-0005 systemd-udevd[601]: sda15: Failed to process device, ignoring: Resource temporarily unavailable
Jul 20 22:26:00 nair-test-0005 systemd-udevd[598]: sda14: Failed to process device, ignoring: Resource temporarily unavailable
Jul 20 22:26:00 nair-test-0005 systemd-udevd[599]: sda: /usr/lib/udev/rules.d/99-gce.rules:5 Failed to write ATTR{/sys/devices/pci0000:00/0000:00:03.0/virtio0/host0/target0:0:1/0:0:1:0/block/sda/queue/scheduler}, ignoring: Invalid argument
Jul 20 22:26:00 nair-test-0005 kernel: EXT4-fs (sda1): resizing filesystem from 548091 to 2593019 blocks
Jul 20 22:26:00 nair-test-0005 kernel: EXT4-fs (sda1): resized filesystem to 2593019
Jul 20 22:26:00 nair-test-0005 useradd[684]: new group: name=ubuntu, GID=1000
Jul 20 22:26:00 nair-test-0005 useradd[684]: new user: name=ubuntu, UID=1000, GID=1000, home=/home/ubuntu, shell=/bin/bash, from=none
Jul 20 22:26:00 nair-test-0005 useradd[684]: add 'ubuntu' to group 'adm'
Jul 20 22:26:00 nair-test-0005 useradd[684]: add 'ubuntu' to group 'dialout'
Jul 20 22:26:00 nair-test-0005 useradd[684]: add 'ubuntu' to group 'cdrom'
Jul 20 22:26:00 nair-test-0005 useradd[684]: add 'ubuntu' to group 'floppy'
Jul 20 22:26:00 nair-test-0005 useradd[684]: add 'ubuntu' to group 'sudo'
Jul 20 22:26:00 nair-test-0005 useradd[684]: add 'ubuntu' to group 'audio'
Jul 20 22:26:00 nair-test-0005 useradd[684]: add 'ubuntu' to group 'dip'
Jul 20 22:26:00 nair-test-0005 useradd[684]: add 'ubuntu' to group 'video'
Jul 20 22:26:00 nair-test-0005 useradd[684]: add 'ubuntu' to group 'plugdev'
Jul 20 22:26:00 nair-test-0005 useradd[684]: add 'ubuntu' to group 'netdev'
Jul 20 22:26:00 nair-test-0005 useradd[684]: add 'ubuntu' to group 'lxd'
Jul 20 22:26:00 nair-test-0005 useradd[684]: add 'ubuntu' to shadow group 'adm'
Jul 20 22:26:00 nair-test-0005 useradd[684]: add 'ubuntu' to shadow group 'dialout'
Jul 20 22:26:00 nair-test-0005 useradd[684]: add 'ubuntu' to shadow group 'cdrom'
Jul 20 22:26:00 nair-test-0005 useradd[684]: add 'ubuntu' to shadow group 'floppy'
Jul 20 22:26:00 nair-test-0005 useradd[684]: add 'ubuntu' to shadow group 'sudo'
Jul 20 22:26:00 nair-test-0005 useradd[684]: add 'ubuntu' to shadow group 'audio'
Jul 20 22:26:00 nair-test-0005 useradd[684]: add 'ubuntu' to shadow group 'dip'
Jul 20 22:26:00 nair-test-0005 useradd[684]: add 'ubuntu' to shadow group 'video'
Jul 20 22:26:00 nair-test-0005 useradd[684]: add 'ubuntu' to shadow group 'plugdev'
Jul 20 22:26:00 nair-test-0005 useradd[684]: add 'ubuntu' to shadow group 'netdev'
Jul 20 22:26:00 nair-test-0005 useradd[684]: add 'ubuntu' to shadow group 'lxd'
Jul 20 22:26:00 nair-test-0005 passwd[693]: password for 'ubuntu' changed by 'root'
Jul 20 22:26:01 nair-test-0005 cloud-init[607]: Generating public/private rsa key pair.
Jul 20 22:26:01 nair-test-0005 cloud-init[607]: Your identification has been saved in /etc/ssh/ssh_host_rsa_key
Jul 20 22:26:01 nair-test-0005 cloud-init[607]: Your public key has been saved in /etc/ssh/ssh_host_rsa_key.pub
Jul 20 22:26:01 nair-test-0005 cloud-init[607]: The key fingerprint is:
Jul 20 22:26:01 nair-test-0005 cloud-init[607]: SHA256:yRHS6PpTQdWSf7F/qpfI0NLa5Zmymqf8vGMGL0jVELE root@nair-test-0005
Jul 20 22:26:01 nair-test-0005 cloud-init[607]: The key's randomart image is:
Jul 20 22:26:01 nair-test-0005 cloud-init[607]: +---[RSA 3072]----+
Jul 20 22:26:01 nair-test-0005 cloud-init[607]: |      .o..+=     |
Jul 20 22:26:01 nair-test-0005 cloud-init[607]: |      ..o.+.. .  |
Jul 20 22:26:01 nair-test-0005 cloud-init[607]: |     . .. E=   o |
Jul 20 22:26:01 nair-test-0005 cloud-init[607]: |      ...o. o o  |
Jul 20 22:26:01 nair-test-0005 cloud-init[607]: |     .  So o . . |
Jul 20 22:26:01 nair-test-0005 cloud-init[607]: |    .   o + o . o|
Jul 20 22:26:01 nair-test-0005 cloud-init[607]: |     . o . O + =.|
Jul 20 22:26:01 nair-test-0005 cloud-init[607]: |      o ..oo@ B  |
Jul 20 22:26:01 nair-test-0005 cloud-init[607]: |       .  =O*B   |
Jul 20 22:26:01 nair-test-0005 cloud-init[607]: +----[SHA256]-----+
Jul 20 22:26:01 nair-test-0005 cloud-init[607]: Generating public/private dsa key pair.
Jul 20 22:26:01 nair-test-0005 cloud-init[607]: Your identification has been saved in /etc/ssh/ssh_host_dsa_key
Jul 20 22:26:01 nair-test-0005 cloud-init[607]: Your public key has been saved in /etc/ssh/ssh_host_dsa_key.pub
Jul 20 22:26:01 nair-test-0005 cloud-init[607]: The key fingerprint is:
Jul 20 22:26:01 nair-test-0005 cloud-init[607]: SHA256:QA8Cu9cve5zgIPHtc2D5XAVjjKly8Rk4ulCJGVuPQOs root@nair-test-0005
Jul 20 22:26:01 nair-test-0005 cloud-init[607]: The key's randomart image is:
Jul 20 22:26:01 nair-test-0005 cloud-init[607]: +---[DSA 1024]----+
Jul 20 22:26:01 nair-test-0005 cloud-init[607]: | .==o.o. +       |
Jul 20 22:26:01 nair-test-0005 cloud-init[607]: |  o*o=+o+ =      |
Jul 20 22:26:01 nair-test-0005 cloud-init[607]: |  +...o=.+ o     |
Jul 20 22:26:01 nair-test-0005 cloud-init[607]: | .o.o.o.o   .    |
Jul 20 22:26:01 nair-test-0005 cloud-init[607]: |  E+.=..S  .     |
Jul 20 22:26:01 nair-test-0005 cloud-init[607]: |  ..+ *.  .      |
Jul 20 22:26:01 nair-test-0005 cloud-init[607]: |   . =.*.o       |
Jul 20 22:26:01 nair-test-0005 cloud-init[607]: |      +oB        |
Jul 20 22:26:01 nair-test-0005 cloud-init[607]: |      .+         |
Jul 20 22:26:01 nair-test-0005 cloud-init[607]: +----[SHA256]-----+
Jul 20 22:26:01 nair-test-0005 cloud-init[607]: Generating public/private ecdsa key pair.
Jul 20 22:26:01 nair-test-0005 cloud-init[607]: Your identification has been saved in /etc/ssh/ssh_host_ecdsa_key
Jul 20 22:26:01 nair-test-0005 cloud-init[607]: Your public key has been saved in /etc/ssh/ssh_host_ecdsa_key.pub
Jul 20 22:26:01 nair-test-0005 cloud-init[607]: The key fingerprint is:
Jul 20 22:26:01 nair-test-0005 cloud-init[607]: SHA256:vVkEehKZyLsRyJYsUN+B3K7Ptqm+B2nWLJA3GWiO2kM root@nair-test-0005
Jul 20 22:26:01 nair-test-0005 cloud-init[607]: The key's randomart image is:
Jul 20 22:26:01 nair-test-0005 cloud-init[607]: +---[ECDSA 256]---+
Jul 20 22:26:01 nair-test-0005 cloud-init[607]: |.o.= *...o.      |
Jul 20 22:26:01 nair-test-0005 cloud-init[607]: |  +.X.=.oo .     |
Jul 20 22:26:01 nair-test-0005 cloud-init[607]: | + +.+.oo . .    |
Jul 20 22:26:01 nair-test-0005 cloud-init[607]: |. E + +  + .     |
Jul 20 22:26:01 nair-test-0005 cloud-init[607]: |.o o * oS . .    |
Jul 20 22:26:01 nair-test-0005 cloud-init[607]: |. o B +    +     |
Jul 20 22:26:01 nair-test-0005 cloud-init[607]: |   + =    o      |
Jul 20 22:26:01 nair-test-0005 cloud-init[607]: |      =.         |
Jul 20 22:26:01 nair-test-0005 cloud-init[607]: |   .+=o.         |
Jul 20 22:26:01 nair-test-0005 cloud-init[607]: +----[SHA256]-----+
Jul 20 22:26:01 nair-test-0005 cloud-init[607]: Generating public/private ed25519 key pair.
Jul 20 22:26:01 nair-test-0005 cloud-init[607]: Your identification has been saved in /etc/ssh/ssh_host_ed25519_key
Jul 20 22:26:01 nair-test-0005 cloud-init[607]: Your public key has been saved in /etc/ssh/ssh_host_ed25519_key.pub
Jul 20 22:26:01 nair-test-0005 cloud-init[607]: The key fingerprint is:
Jul 20 22:26:01 nair-test-0005 cloud-init[607]: SHA256:mupw4MqOTdwDSQ5w+RY5hdy1sMwkZCMtdA/T3JXEaCs root@nair-test-0005
Jul 20 22:26:01 nair-test-0005 cloud-init[607]: The key's randomart image is:
Jul 20 22:26:01 nair-test-0005 cloud-init[607]: +--[ED25519 256]--+
Jul 20 22:26:01 nair-test-0005 cloud-init[607]: |..+=OB+o.=o.     |
Jul 20 22:26:01 nair-test-0005 cloud-init[607]: |..o+BX+o+.o      |
Jul 20 22:26:01 nair-test-0005 cloud-init[607]: |. .o o=...       |
Jul 20 22:26:01 nair-test-0005 cloud-init[607]: | + .o E .        |
Jul 20 22:26:01 nair-test-0005 cloud-init[607]: |  =.   .S        |
Jul 20 22:26:01 nair-test-0005 cloud-init[607]: | o +   o         |
Jul 20 22:26:01 nair-test-0005 cloud-init[607]: |  = + o          |
Jul 20 22:26:01 nair-test-0005 cloud-init[607]: |o+ o o           |
Jul 20 22:26:01 nair-test-0005 cloud-init[607]: |+o..o            |
Jul 20 22:26:09 nair-test-0005 kernel: kauditd_printk_skb: 27 callbacks suppressed
Jul 20 22:26:09 nair-test-0005 kernel: audit: type=1400 audit(1626819968.012:38): apparmor="DENIED" operation="open" profile="/{,usr/}sbin/dhclient" name="/proc/1205/task/1206/comm" pid=1205 comm="dhclient" requested_mask="wr" denied_mask="wr" fsuid=0 ouid=0
Jul 20 22:26:09 nair-test-0005 kernel: audit: type=1400 audit(1626819968.012:39): apparmor="DENIED" operation="open" profile="/{,usr/}sbin/dhclient" name="/proc/1205/task/1207/comm" pid=1205 comm="dhclient" requested_mask="wr" denied_mask="wr" fsuid=0 ouid=0
Jul 20 22:26:09 nair-test-0005 kernel: audit: type=1400 audit(1626819968.012:40): apparmor="DENIED" operation="open" profile="/{,usr/}sbin/dhclient" name="/proc/1205/task/1208/comm" pid=1205 comm="dhclient" requested_mask="wr" denied_mask="wr" fsuid=0 ouid=0
Jul 20 22:26:08 nair-test-0005 audit[1205]: AVC apparmor="DENIED" operation="open" profile="/{,usr/}sbin/dhclient" name="/proc/1205/task/1206/comm" pid=1205 comm="dhclient" requested_mask="wr" denied_mask="wr" fsuid=0 ouid=0
Jul 20 22:26:08 nair-test-0005 audit[1205]: AVC apparmor="DENIED" operation="open" profile="/{,usr/}sbin/dhclient" name="/proc/1205/task/1207/comm" pid=1205 comm="dhclient" requested_mask="wr" denied_mask="wr" fsuid=0 ouid=0
Jul 20 22:26:08 nair-test-0005 audit[1205]: AVC apparmor="DENIED" operation="open" profile="/{,usr/}sbin/dhclient" name="/proc/1205/task/1208/comm" pid=1205 comm="dhclient" requested_mask="wr" denied_mask="wr" fsuid=0 ouid=0
Jul 20 22:26:09 nair-test-0005 cloud-init[607]: +----[SHA256]-----+
Jul 20 22:26:01 nair-test-0005 systemd[1]: Finished Initial cloud-init job (metadata service crawler).
Jul 20 22:26:01 nair-test-0005 chronyd[728]: chronyd version 3.5 starting (+CMDMON +NTP +REFCLOCK +RTC +PRIVDROP +SCFILTER +SIGND +ASYNCDNS +SECHASH +IPV6 -DEBUG)
Jul 20 22:26:01 nair-test-0005 systemd[1]: Reached target Cloud-config availability.
Jul 20 22:26:01 nair-test-0005 chronyd[728]: Loaded seccomp filter
Jul 20 22:26:01 nair-test-0005 systemd[1]: Reached target Network is Online.
Jul 20 22:26:01 nair-test-0005 cron[732]: (CRON) INFO (pidfile fd = 3)
Jul 20 22:26:01 nair-test-0005 systemd[1]: Reached target System Initialization.
Jul 20 22:26:01 nair-test-0005 cron[732]: (CRON) INFO (Running @reboot jobs)
Jul 20 22:26:10 nair-test-0005 apport[714]:  * Starting automatic crash report generation: apport
Jul 20 22:26:10 nair-test-0005 apport[714]:    ...done.
Jul 20 22:26:01 nair-test-0005 systemd[1]: Condition check resulted in Process error reports when automatic reporting is enabled (file watch) being skipped.
Jul 20 22:26:02 nair-test-0005 oslogin_cache_refresh[741]: Refreshing passwd entry cache
Jul 20 22:26:01 nair-test-0005 systemd[1]: Started NSS cache refresh timer.
Jul 20 22:26:02 nair-test-0005 oslogin_cache_refresh[741]: Refreshing group entry cache
Jul 20 22:26:01 nair-test-0005 systemd[1]: Started Daily Cleanup of Temporary Directories.
Jul 20 22:26:02 nair-test-0005 OSConfigAgent[740]: 2021-07-20T22:26:02.1599Z OSConfigAgent Info: OSConfig Agent (version 20210219.00-0ubuntu1~20.04.0) started.
Jul 20 22:26:01 nair-test-0005 systemd[1]: Reached target Paths.
Jul 20 22:26:02 nair-test-0005 rsyslogd[766]: imuxsock: Acquired UNIX socket '/run/systemd/journal/syslog' (fd 3) from systemd.  [v8.2001.0]
Jul 20 22:26:01 nair-test-0005 systemd[1]: Condition check resulted in Unix socket for apport crash forwarding being skipped.
Jul 20 22:26:02 nair-test-0005 rsyslogd[766]: rsyslogd's groupid changed to 110
Jul 20 22:26:01 nair-test-0005 systemd[1]: Listening on D-Bus System Message Bus Socket.
Jul 20 22:26:02 nair-test-0005 rsyslogd[766]: rsyslogd's userid changed to 104
Jul 20 22:26:01 nair-test-0005 systemd[1]: Listening on Open-iSCSI iscsid Socket.
Jul 20 22:26:02 nair-test-0005 rsyslogd[766]: [origin software="rsyslogd" swVersion="8.2001.0" x-pid="766" x-info="https://www.rsyslog.com"] start
Jul 20 22:26:10 nair-test-0005 google_oslogin_nss_cache[741]: oslogin_cache_refresh[741]: Refreshing passwd entry cache
Jul 20 22:26:10 nair-test-0005 google_oslogin_nss_cache[741]: oslogin_cache_refresh[741]: Refreshing group entry cache
Jul 20 22:26:01 nair-test-0005 systemd[1]: Starting Socket activation for snappy daemon.
Jul 20 22:26:02 nair-test-0005 pollinate[828]: client sent challenge to [https://entropy.ubuntu.com/]
Jul 20 22:26:10 nair-test-0005 grub-common[747]:  * Recording successful boot for GRUB
Jul 20 22:26:10 nair-test-0005 grub-common[747]:    ...done.
Jul 20 22:26:01 nair-test-0005 systemd[1]: Listening on UUID daemon activation socket.
Jul 20 22:26:03 nair-test-0005 pollinate[879]: client verified challenge/response with [https://entropy.ubuntu.com/]
Jul 20 22:26:10 nair-test-0005 networkd-dispatcher[757]: No valid path found for iwconfig
Jul 20 22:26:10 nair-test-0005 networkd-dispatcher[757]: No valid path found for iw
Jul 20 22:26:01 nair-test-0005 systemd[1]: Condition check resulted in Login to default iSCSI targets being skipped.
Jul 20 22:26:03 nair-test-0005 pollinate[886]: client hashed response from [https://entropy.ubuntu.com/]
Jul 20 22:26:01 nair-test-0005 systemd[1]: Reached target Remote File Systems (Pre).
Jul 20 22:26:03 nair-test-0005 pollinate[887]: client successfully seeded [/dev/urandom]
Jul 20 22:26:10 nair-test-0005 snapd[773]: AppArmor status: apparmor is enabled and all features are available
Jul 20 22:26:10 nair-test-0005 snapd[773]: AppArmor status: apparmor is enabled and all features are available
Jul 20 22:26:10 nair-test-0005 snapd[773]: patch.go:64: Patching system state level 6 to sublevel 1...
Jul 20 22:26:10 nair-test-0005 snapd[773]: patch.go:64: Patching system state level 6 to sublevel 2...
Jul 20 22:26:10 nair-test-0005 snapd[773]: patch.go:64: Patching system state level 6 to sublevel 3...
Jul 20 22:26:10 nair-test-0005 snapd[773]: daemon.go:347: started snapd/2.50.1 (series 16; classic) ubuntu/20.04 (amd64) linux/5.4.0-1044-gcp.
Jul 20 22:26:10 nair-test-0005 snapd[773]: daemon.go:440: adjusting startup timeout by 50s (pessimistic estimate of 30s plus 5s per snap)
Jul 20 22:26:01 nair-test-0005 systemd[1]: Reached target Remote File Systems.
Jul 20 22:26:07 nair-test-0005 GCEGuestAgent[938]: 2021-07-20T22:26:07.3211Z GCEGuestAgent Info: GCE Agent Started (version 20210414.00-0ubuntu1~20.04.0)
Jul 20 22:26:01 nair-test-0005 systemd[1]: Starting Availability of block devices...
Jul 20 22:26:07 nair-test-0005 GCEGuestAgent[938]: 2021-07-20T22:26:07.9670Z GCEGuestAgent Info: Instance ID changed, running first-boot actions
Jul 20 22:26:01 nair-test-0005 systemd[1]: Listening on Socket activation for snappy daemon.
Jul 20 22:26:08 nair-test-0005 dhclient[1205]: Internet Systems Consortium DHCP Client 4.4.1
Jul 20 22:26:01 nair-test-0005 systemd[1]: Finished Availability of block devices.
Jul 20 22:26:08 nair-test-0005 dhclient[1205]: Copyright 2004-2018 Internet Systems Consortium.
Jul 20 22:26:01 nair-test-0005 systemd[1]: Reached target Sockets.
Jul 20 22:26:08 nair-test-0005 dhclient[1205]: All rights reserved.
Jul 20 22:26:01 nair-test-0005 systemd[1]: Reached target Basic System.
Jul 20 22:26:08 nair-test-0005 dhclient[1205]: For info, please visit https://www.isc.org/software/dhcp/
Jul 20 22:26:01 nair-test-0005 systemd[1]: Starting Accounts Service...
Jul 20 22:26:08 nair-test-0005 dhclient[1205]: 
Jul 20 22:26:01 nair-test-0005 systemd[1]: Starting LSB: automatic crash report generation...
Jul 20 22:26:08 nair-test-0005 dhclient[1205]: Listening on Socket/ens5
Jul 20 22:26:10 nair-test-0005 sbkeysync[801]: Filesystem keystore:
Jul 20 22:26:10 nair-test-0005 sbkeysync[801]:   /usr/share/secureboot/updates/dbx/MS-2016-08-08.bin [7085 bytes]
Jul 20 22:26:10 nair-test-0005 sbkeysync[801]: firmware keys:
Jul 20 22:26:10 nair-test-0005 sbkeysync[801]:   PK:
Jul 20 22:26:10 nair-test-0005 sbkeysync[801]:     /CN=newpk
Jul 20 22:26:10 nair-test-0005 sbkeysync[801]:   KEK:
Jul 20 22:26:10 nair-test-0005 sbkeysync[801]:     /C=US/ST=Washington/L=Redmond/O=Microsoft Corporation/CN=Microsoft Corporation KEK CA 2011
Jul 20 22:26:10 nair-test-0005 sbkeysync[801]:   db:
Jul 20 22:26:10 nair-test-0005 sbkeysync[801]:     /C=US/ST=Washington/L=Redmond/O=Microsoft Corporation/CN=Microsoft Windows Production PCA 2011
Jul 20 22:26:10 nair-test-0005 sbkeysync[801]:     /C=US/ST=Washington/L=Redmond/O=Microsoft Corporation/CN=Microsoft Corporation UEFI CA 2011
Jul 20 22:26:10 nair-test-0005 sbkeysync[801]:   dbx:
Jul 20 22:26:10 nair-test-0005 sbkeysync[801]:     45c7c8ae750acfbb48fc37527d6412dd644daed8913ccd8a24c94d856967df8e
Jul 20 22:26:10 nair-test-0005 sbkeysync[801]:     64575bd912789a2e14ad56f6341f52af6bf80cf94400785975e9f04e2d64d745
Jul 20 22:26:10 nair-test-0005 sbkeysync[801]:     939aeef4f5fa51e23340c3f2e49048ce8872526afdf752c3a7f3a3f2bc9f6049
Jul 20 22:26:10 nair-test-0005 sbkeysync[801]:     3b0287533e0cc3d0ec1aa823cbf0a941aad8721579d1c499802dd1c3a636b8a9
Jul 20 22:26:10 nair-test-0005 sbkeysync[801]:     c83cb13922ad99f560744675dd37cc94dcad5a1fcba6472fee341171d939e884
Jul 20 22:26:10 nair-test-0005 sbkeysync[801]:     77dd190fa30d88ff5e3b011a0ae61e6209780c130b535ecb87e6f0888a0b6b2f
Jul 20 22:26:10 nair-test-0005 sbkeysync[801]:     55b99b0de53dbcfe485aa9c737cf3fb616ef3d91fab599aa7cab19eda763b5ba
Jul 20 22:26:10 nair-test-0005 sbkeysync[801]:     ca171d614a8d7e121c93948cd0fe55d39981f9d11aa96e03450a415227c2c65b
Jul 20 22:26:10 nair-test-0005 sbkeysync[801]:     fecfb232d12e994b6d485d2c7167728aa5525984ad5ca61e7516221f079a1436
Jul 20 22:26:10 nair-test-0005 sbkeysync[801]:     fe63a84f782cc9d3fcf2ccf9fc11fbd03760878758d26285ed12669bdc6e6d01
Jul 20 22:26:10 nair-test-0005 sbkeysync[801]:     fddd6e3d29ea84c7743dad4a1bdbc700b5fec1b391f932409086acc71dd6dbd8
Jul 20 22:26:10 nair-test-0005 sbkeysync[801]:     e92c22eb3b5642d65c1ec2caf247d2594738eebb7fb3841a44956f59e2b0d1fa
Jul 20 22:26:10 nair-test-0005 sbkeysync[801]:     d8cbeb9735f5672b367e4f96cdc74969615d17074ae96c724d42ce0216f8f3fa
Jul 20 22:26:10 nair-test-0005 sbkeysync[801]:     ce3bfabe59d67ce8ac8dfd4a16f7c43ef9c224513fbc655957d735fa29f540ce
Jul 20 22:26:10 nair-test-0005 sbkeysync[801]:     cb6b858b40d3a098765815b592c1514a49604fafd60819da88d7a76e9778fef7
Jul 20 22:26:10 nair-test-0005 sbkeysync[801]:     c90f336617b8e7f983975413c997f10b73eb267fd8a10cb9e3bdbfc667abdb8b
Jul 20 22:26:10 nair-test-0005 sbkeysync[801]:     c617c1a8b1ee2a811c28b5a81b4c83d7c98b5b0c27281d610207ebe692c2967f
Jul 20 22:26:10 nair-test-0005 sbkeysync[801]:     c409bdac4775add8db92aa22b5b718fb8c94a1462c1fe9a416b95d8a3388c2fc
Jul 20 22:26:10 nair-test-0005 sbkeysync[801]:     bc87a668e81966489cb508ee805183c19e6acd24cf17799ca062d2e384da0ea7
Jul 20 22:26:10 nair-test-0005 sbkeysync[801]:     b97a0889059c035ff1d54b6db53b11b9766668d9f955247c028b2837d7a04cd9
Jul 20 22:26:10 nair-test-0005 sbkeysync[801]:     b8f078d983a24ac433216393883514cd932c33af18e7dd70884c8235f4275736
Jul 20 22:26:10 nair-test-0005 sbkeysync[801]:     b54f1ee636631fad68058d3b0937031ac1b90ccb17062a391cca68afdbe40d55
Jul 20 22:26:01 nair-test-0005 systemd[1]: Starting Deferred execution scheduler...
Jul 20 22:26:08 nair-test-0005 dhclient[1205]: Sending on   Socket/ens5
Jul 20 22:26:10 nair-test-0005 sbkeysync[801]:     afe2030afb7d2cda13f9fa333a02e34f6751afec11b010dbcd441fdf4c4002b3
Jul 20 22:26:10 nair-test-0005 sbkeysync[801]:     aeebae3151271273ed95aa2e671139ed31a98567303a332298f83709a9d55aa1
Jul 20 22:26:10 nair-test-0005 sbkeysync[801]:     ad6826e1946d26d3eaf3685c88d97d85de3b4dcb3d0ee2ae81c70560d13c5720
Jul 20 22:26:10 nair-test-0005 sbkeysync[801]:     a7f32f508d4eb0fead9a087ef94ed1ba0aec5de6f7ef6ff0a62b93bedf5d458d
Jul 20 22:26:10 nair-test-0005 sbkeysync[801]:     a6b5151f3655d3a2af0d472759796be4a4200e5495a7d869754c4848857408a7
Jul 20 22:26:10 nair-test-0005 sbkeysync[801]:     9e4a69173161682e55fde8fef560eb88ec1ffedcaf04001f66c0caf707b2b734
Jul 20 22:26:10 nair-test-0005 sbkeysync[801]:     9998d363c491be16bd74ba10b94d9291001611736fdca643a36664bc0f315a42
Jul 20 22:26:10 nair-test-0005 sbkeysync[801]:     8d8ea289cfe70a1c07ab7365cb28ee51edd33cf2506de888fbadd60ebf80481c
Jul 20 22:26:10 nair-test-0005 sbkeysync[801]:     8bf434b49e00ccf71502a2cd900865cb01ec3b3da03c35be505fdf7bd563f521
Jul 20 22:26:10 nair-test-0005 sbkeysync[801]:     8ad64859f195b5f58dafaa940b6a6167acd67a886e8f469364177221c55945b9
Jul 20 22:26:10 nair-test-0005 sbkeysync[801]:     895a9785f617ca1d7ed44fc1a1470b71f3f1223862d9ff9dcc3ae2df92163daf
Jul 20 22:26:10 nair-test-0005 sbkeysync[801]:     82db3bceb4f60843ce9d97c3d187cd9b5941cd3de8100e586f2bda5637575f67
Jul 20 22:26:10 nair-test-0005 sbkeysync[801]:     81a8b965bb84d3876b9429a95481cc955318cfaa1412d808c8a33bfd33fff0e4
Jul 20 22:26:10 nair-test-0005 sbkeysync[801]:     7827af99362cfaf0717dade4b1bfe0438ad171c15addc248b75bf8caa44bb2c5
Jul 20 22:26:10 nair-test-0005 sbkeysync[801]:     72e0bd1867cf5d9d56ab158adf3bddbc82bf32a8d8aa1d8c5e2f6df29428d6d8
Jul 20 22:26:10 nair-test-0005 sbkeysync[801]:     726b3eb654046a30f3f83d9b96ce03f670e9a806d1708a0371e62dc49d2c23c1
Jul 20 22:26:10 nair-test-0005 sbkeysync[801]:     71f2906fd222497e54a34662ab2497fcc81020770ff51368e9e3d9bfcbfd6375
Jul 20 22:26:10 nair-test-0005 sbkeysync[801]:     6f1428ff71c9db0ed5af1f2e7bbfcbab647cc265ddf5b293cdb626f50a3a785e
Jul 20 22:26:10 nair-test-0005 sbkeysync[801]:     6c8854478dd559e29351b826c06cb8bfef2b94ad3538358772d193f82ed1ca11
Jul 20 22:26:10 nair-test-0005 sbkeysync[801]:     6b1d138078e4418aa68deb7bb35e066092cf479eeb8ce4cd12e7d072ccb42f66
Jul 20 22:26:10 nair-test-0005 sbkeysync[801]:     5ae949ea8855eb93e439dbc65bda2e42852c2fdf6789fa146736e3c3410f2b5c
Jul 20 22:26:10 nair-test-0005 sbkeysync[801]:     518831fe7382b514d03e15c621228b8ab65479bd0cbfa3c5c1d0f48d9c306135
Jul 20 22:26:10 nair-test-0005 sbkeysync[801]:     47cc086127e2069a86e03a6bef2cd410f8c55a6d6bdb362168c31b2ce32a5adf
Jul 20 22:26:10 nair-test-0005 sbkeysync[801]:     4397daca839e7f63077cb50c92df43bc2d2fb2a8f59f26fc7a0e4bd4d9751692
Jul 20 22:26:10 nair-test-0005 sbkeysync[801]:     3fce9b9fdf3ef09d5452b0f95ee481c2b7f06d743a737971558e70136ace3e73
Jul 20 22:26:10 nair-test-0005 sbkeysync[801]:     3841d221368d1583d75c0a02e62160394d6c4e0a6760b6f607b90362bc855b02
Jul 20 22:26:10 nair-test-0005 sbkeysync[801]:     3608edbaf5ad0f41a414a1777abf2faf5e670334675ec3995e6935829e0caad2
Jul 20 22:26:10 nair-test-0005 sbkeysync[801]:     306628fa5477305728ba4a467de7d0387a54f569d3769fce5e75ec89d28d1593
Jul 20 22:26:10 nair-test-0005 sbkeysync[801]:     2e70916786a6f773511fa7181fab0f1d70b557c6322ea923b2a8d3b92b51af7d
Jul 20 22:26:01 nair-test-0005 systemd[1]: Starting chrony, an NTP client/server...
Jul 20 22:26:08 nair-test-0005 dhclient[1205]: Created duid "\000\001\000\001(\212\012\000B\001\012\216\0008".
Jul 20 22:26:10 nair-test-0005 sbkeysync[801]:     2c73d93325ba6dcbe589d4a4c63c5b935559ef92fbf050ed50c4e2085206f17d
Jul 20 22:26:10 nair-test-0005 sbkeysync[801]:     2bbf2ca7b8f1d91f27ee52b6fb2a5dd049b85a2b9b529c5d6662068104b055f8
Jul 20 22:26:10 nair-test-0005 sbkeysync[801]:     2b99cf26422e92fe365fbf4bc30d27086c9ee14b7a6fff44fb2f6b9001699939
Jul 20 22:26:10 nair-test-0005 sbkeysync[801]:     18333429ff0562ed9f97033e1148dceee52dbe2e496d5410b5cfd6c864d2d10f
Jul 20 22:26:10 nair-test-0005 sbkeysync[801]:     174e3a0b5b43c6a607bbd3404f05341e3dcf396267ce94f8b50e2e23a9da920c
Jul 20 22:26:10 nair-test-0005 sbkeysync[801]:     106faceacfecfd4e303b74f480a08098e2d0802b936f8ec774ce21f31686689c
Jul 20 22:26:10 nair-test-0005 sbkeysync[801]:     0dc9f3fb99962148c3ca833632758d3ed4fc8d0b0007b95b31e6528f2acd5bfc
Jul 20 22:26:10 nair-test-0005 sbkeysync[801]:     0d0dbeca6f29eca06f331a7d72e4884b12097fb348983a2a14a0d73f4f10140f
Jul 20 22:26:10 nair-test-0005 sbkeysync[801]:     0c189339762df336ab3dd006a463df715a39cfb0f492465c600e6c6bd7bd898c
Jul 20 22:26:10 nair-test-0005 sbkeysync[801]:     0bbb4392daac7ab89b30a4ac657531b97bfaab04f90b0dafe5f9b6eb90a06374
Jul 20 22:26:10 nair-test-0005 sbkeysync[801]:     09df5f4e511208ec78b96d12d08125fdb603868de39f6f72927852599b659c26
Jul 20 22:26:10 nair-test-0005 sbkeysync[801]:     07e6c6a858646fb1efc67903fe28b116011f2367fe92e6be2b36999eff39d09e
Jul 20 22:26:10 nair-test-0005 sbkeysync[801]:     075eea060589548ba060b2feed10da3c20c7fe9b17cd026b94e8a683b8115238
Jul 20 22:26:10 nair-test-0005 sbkeysync[801]:     90fbe70e69d633408d3e170c6832dbb2d209e0272527dfb63d49d29572a6f44c
Jul 20 22:26:10 nair-test-0005 sbkeysync[801]:     29c6eb52b43c3aa18b2cd8ed6ea8607cef3cfae1bafe1165755cf2e614844a44
Jul 20 22:26:10 nair-test-0005 sbkeysync[801]:     d063ec28f67eba53f1642dbf7dff33c6a32add869f6013fe162e2c32f1cbe56d
Jul 20 22:26:10 nair-test-0005 sbkeysync[801]:     d626157e1d6a718bc124ab8da27cbb65072ca03a7b6b257dbdcbbd60f65ef3d1
Jul 20 22:26:10 nair-test-0005 sbkeysync[801]:     5391c3a2fb112102a6aa1edc25ae77e19f5d6f09cd09eeb2509922bfcd5992ea
Jul 20 22:26:10 nair-test-0005 sbkeysync[801]:     58fb941aef95a25943b3fb5f2510a0df3fe44c58c95e0ab80487297568ab9771
Jul 20 22:26:10 nair-test-0005 sbkeysync[801]:     c3a99a460da464a057c3586d83cef5f4ae08b7103979ed8932742df0ed530c66
Jul 20 22:26:10 nair-test-0005 sbkeysync[801]:     e6ca68e94146629af03f69c2f86e6bef62f930b37c6fbcc878b78df98c0334e5
Jul 20 22:26:10 nair-test-0005 sbkeysync[801]:     1aec84b84b6c65a51220a9be7181965230210d62d6d33c48999c6b295a2b0a06
Jul 20 22:26:10 nair-test-0005 sbkeysync[801]:     363384d14d1f2e0b7815626484c459ad57a318ef4396266048d058c5a19bbf76
Jul 20 22:26:10 nair-test-0005 sbkeysync[801]:     c5d9d8a186e2c82d09afaa2a6f7f2e73870d3e64f72c4e08ef67796a840f0fbd
Jul 20 22:26:10 nair-test-0005 sbkeysync[801]:     f52f83a3fa9cfbd6920f722824dbe4034534d25b8507246b3b957dac6e1bce7a
Jul 20 22:26:10 nair-test-0005 sbkeysync[801]:     80b4d96931bf0d02fd91a61e19d14f1da452e66db2408ca8604d411f92659f0a
Jul 20 22:26:10 nair-test-0005 sbkeysync[801]: filesystem keys:
Jul 20 22:26:10 nair-test-0005 sbkeysync[801]:   PK:
Jul 20 22:26:10 nair-test-0005 sbkeysync[801]:   KEK:
Jul 20 22:26:10 nair-test-0005 sbkeysync[801]:   db:
Jul 20 22:26:10 nair-test-0005 sbkeysync[801]:   dbx:
Jul 20 22:26:10 nair-test-0005 sbkeysync[801]:     45c7c8ae750acfbb48fc37527d6412dd644daed8913ccd8a24c94d856967df8e
Jul 20 22:26:10 nair-test-0005 sbkeysync[801]:      from /usr/share/secureboot/updates/dbx/MS-2016-08-08.bin
Jul 20 22:26:10 nair-test-0005 sbkeysync[801]:     64575bd912789a2e14ad56f6341f52af6bf80cf94400785975e9f04e2d64d745
Jul 20 22:26:01 nair-test-0005 systemd[1]: Started Regular background program processing daemon.
Jul 20 22:26:10 nair-test-0005 chronyd[728]: Selected source 149.248.11.87
Jul 20 22:26:10 nair-test-0005 sbkeysync[801]:      from /usr/share/secureboot/updates/dbx/MS-2016-08-08.bin
Jul 20 22:26:10 nair-test-0005 sbkeysync[801]:     939aeef4f5fa51e23340c3f2e49048ce8872526afdf752c3a7f3a3f2bc9f6049
Jul 20 22:26:10 nair-test-0005 sbkeysync[801]:      from /usr/share/secureboot/updates/dbx/MS-2016-08-08.bin
Jul 20 22:26:10 nair-test-0005 sbkeysync[801]:     3b0287533e0cc3d0ec1aa823cbf0a941aad8721579d1c499802dd1c3a636b8a9
Jul 20 22:26:10 nair-test-0005 sbkeysync[801]:      from /usr/share/secureboot/updates/dbx/MS-2016-08-08.bin
Jul 20 22:26:10 nair-test-0005 sbkeysync[801]:     c83cb13922ad99f560744675dd37cc94dcad5a1fcba6472fee341171d939e884
Jul 20 22:26:10 nair-test-0005 sbkeysync[801]:      from /usr/share/secureboot/updates/dbx/MS-2016-08-08.bin
Jul 20 22:26:10 nair-test-0005 sbkeysync[801]:     77dd190fa30d88ff5e3b011a0ae61e6209780c130b535ecb87e6f0888a0b6b2f
Jul 20 22:26:10 nair-test-0005 sbkeysync[801]:      from /usr/share/secureboot/updates/dbx/MS-2016-08-08.bin
Jul 20 22:26:10 nair-test-0005 sbkeysync[801]:     55b99b0de53dbcfe485aa9c737cf3fb616ef3d91fab599aa7cab19eda763b5ba
Jul 20 22:26:10 nair-test-0005 sbkeysync[801]:      from /usr/share/secureboot/updates/dbx/MS-2016-08-08.bin
Jul 20 22:26:10 nair-test-0005 sbkeysync[801]:     ca171d614a8d7e121c93948cd0fe55d39981f9d11aa96e03450a415227c2c65b
Jul 20 22:26:10 nair-test-0005 sbkeysync[801]:      from /usr/share/secureboot/updates/dbx/MS-2016-08-08.bin
Jul 20 22:26:10 nair-test-0005 sbkeysync[801]:     fecfb232d12e994b6d485d2c7167728aa5525984ad5ca61e7516221f079a1436
Jul 20 22:26:10 nair-test-0005 sbkeysync[801]:      from /usr/share/secureboot/updates/dbx/MS-2016-08-08.bin
Jul 20 22:26:10 nair-test-0005 sbkeysync[801]:     fe63a84f782cc9d3fcf2ccf9fc11fbd03760878758d26285ed12669bdc6e6d01
Jul 20 22:26:10 nair-test-0005 sbkeysync[801]:      from /usr/share/secureboot/updates/dbx/MS-2016-08-08.bin
Jul 20 22:26:10 nair-test-0005 sbkeysync[801]:     fddd6e3d29ea84c7743dad4a1bdbc700b5fec1b391f932409086acc71dd6dbd8
Jul 20 22:26:10 nair-test-0005 sbkeysync[801]:      from /usr/share/secureboot/updates/dbx/MS-2016-08-08.bin
Jul 20 22:26:10 nair-test-0005 sbkeysync[801]:     e92c22eb3b5642d65c1ec2caf247d2594738eebb7fb3841a44956f59e2b0d1fa
Jul 20 22:26:10 nair-test-0005 sbkeysync[801]:      from /usr/share/secureboot/updates/dbx/MS-2016-08-08.bin
Jul 20 22:26:10 nair-test-0005 sbkeysync[801]:     d8cbeb9735f5672b367e4f96cdc74969615d17074ae96c724d42ce0216f8f3fa
Jul 20 22:26:10 nair-test-0005 sbkeysync[801]:      from /usr/share/secureboot/updates/dbx/MS-2016-08-08.bin
Jul 20 22:26:10 nair-test-0005 sbkeysync[801]:     ce3bfabe59d67ce8ac8dfd4a16f7c43ef9c224513fbc655957d735fa29f540ce
Jul 20 22:26:10 nair-test-0005 sbkeysync[801]:      from /usr/share/secureboot/updates/dbx/MS-2016-08-08.bin
Jul 20 22:26:10 nair-test-0005 sbkeysync[801]:     cb6b858b40d3a098765815b592c1514a49604fafd60819da88d7a76e9778fef7
Jul 20 22:26:10 nair-test-0005 sbkeysync[801]:      from /usr/share/secureboot/updates/dbx/MS-2016-08-08.bin
Jul 20 22:26:10 nair-test-0005 sbkeysync[801]:     c90f336617b8e7f983975413c997f10b73eb267fd8a10cb9e3bdbfc667abdb8b
